Component: ARM Compiler 5.06 update 4 (build 422) Tool: armlink [4d35d2]

==============================================================================

Section Cross References

    main.o(i.HAL_TIM_PeriodElapsedCallback) refers to _printf_pad.o(.text) for _printf_pre_padding
    main.o(i.HAL_TIM_PeriodElapsedCallback) refers to _printf_percent.o(.ARM.Collect$$_printf_percent$$00000000) for _printf_percent
    main.o(i.HAL_TIM_PeriodElapsedCallback) refers to _printf_d.o(.ARM.Collect$$_printf_percent$$00000009) for _printf_d
    main.o(i.HAL_TIM_PeriodElapsedCallback) refers to _printf_f.o(.ARM.Collect$$_printf_percent$$00000003) for _printf_f
    main.o(i.HAL_TIM_PeriodElapsedCallback) refers to _printf_dec.o(.text) for _printf_int_dec
    main.o(i.HAL_TIM_PeriodElapsedCallback) refers to printf1.o(x$fpl$printf1) for _printf_fp_dec
    main.o(i.HAL_TIM_PeriodElapsedCallback) refers to dht11.o(i.DHT11_Read_Data) for DHT11_Read_Data
    main.o(i.HAL_TIM_PeriodElapsedCallback) refers to adc.o(i.Get_Adc_Average) for Get_Adc_Average
    main.o(i.HAL_TIM_PeriodElapsedCallback) refers to fflt_clz.o(x$fpl$ffltu) for __aeabi_ui2f
    main.o(i.HAL_TIM_PeriodElapsedCallback) refers to f2d.o(x$fpl$f2d) for __aeabi_f2d
    main.o(i.HAL_TIM_PeriodElapsedCallback) refers to dmul.o(x$fpl$dmul) for __aeabi_dmul
    main.o(i.HAL_TIM_PeriodElapsedCallback) refers to d2f.o(x$fpl$d2f) for __aeabi_d2f
    main.o(i.HAL_TIM_PeriodElapsedCallback) refers to ffixu.o(x$fpl$ffixu) for __aeabi_f2uiz
    main.o(i.HAL_TIM_PeriodElapsedCallback) refers to faddsub_clz.o(x$fpl$frsb) for __aeabi_frsub
    main.o(i.HAL_TIM_PeriodElapsedCallback) refers to fmul.o(x$fpl$fmul) for __aeabi_fmul
    main.o(i.HAL_TIM_PeriodElapsedCallback) refers to fdiv.o(x$fpl$fdiv) for __aeabi_fdiv
    main.o(i.HAL_TIM_PeriodElapsedCallback) refers to faddsub_clz.o(x$fpl$fadd) for __aeabi_fadd
    main.o(i.HAL_TIM_PeriodElapsedCallback) refers to noretval__2printf.o(.text) for __2printf
    main.o(i.HAL_TIM_PeriodElapsedCallback) refers to smg.o(i.LED_Write_Data) for LED_Write_Data
    main.o(i.HAL_TIM_PeriodElapsedCallback) refers to smg.o(i.LED_Refresh) for LED_Refresh
    main.o(i.HAL_TIM_PeriodElapsedCallback) refers to timer.o(.bss) for TIM2_Handler
    main.o(i.HAL_TIM_PeriodElapsedCallback) refers to main.o(.data) for i
    main.o(i.main) refers to stm32f1xx_hal.o(i.HAL_Init) for HAL_Init
    main.o(i.main) refers to sys.o(i.Stm32_Clock_Init) for Stm32_Clock_Init
    main.o(i.main) refers to delay.o(i.delay_init) for delay_init
    main.o(i.main) refers to usart.o(i.uart_init) for uart_init
    main.o(i.main) refers to led.o(i.LED_Init) for LED_Init
    main.o(i.main) refers to smg.o(i.LED_SMG_Init) for LED_SMG_Init
    main.o(i.main) refers to adc.o(i.Adc_Init) for Adc_Init
    main.o(i.main) refers to timer.o(i.TIM2_Init) for TIM2_Init
    main.o(i.main) refers to timer.o(i.TIM3_Init) for TIM3_Init
    main.o(i.main) refers to stm32f1xx_hal_gpio.o(i.HAL_GPIO_Init) for HAL_GPIO_Init
    stm32f1xx_it.o(i.SysTick_Handler) refers to stm32f1xx_hal.o(i.HAL_IncTick) for HAL_IncTick
    system_stm32f1xx.o(i.SystemCoreClockUpdate) refers to system_stm32f1xx.o(.data) for SystemCoreClock
    system_stm32f1xx.o(i.SystemCoreClockUpdate) refers to system_stm32f1xx.o(.constdata) for AHBPrescTable
    delay.o(i.delay_init) refers to stm32f1xx_hal_cortex.o(i.HAL_SYSTICK_CLKSourceConfig) for HAL_SYSTICK_CLKSourceConfig
    delay.o(i.delay_init) refers to delay.o(.data) for fac_us
    delay.o(i.delay_ms) refers to delay.o(i.delay_us) for delay_us
    delay.o(i.delay_us) refers to delay.o(.data) for fac_us
    sys.o(i.Stm32_Clock_Init) refers to stm32f1xx_hal_rcc.o(i.HAL_RCC_OscConfig) for HAL_RCC_OscConfig
    sys.o(i.Stm32_Clock_Init) refers to stm32f1xx_hal_rcc.o(i.HAL_RCC_ClockConfig) for HAL_RCC_ClockConfig
    usart.o(.rev16_text) refers (Special) to use_no_semi_2.o(.text) for __use_no_semihosting
    usart.o(.revsh_text) refers (Special) to use_no_semi_2.o(.text) for __use_no_semihosting
    usart.o(.rrx_text) refers (Special) to use_no_semi_2.o(.text) for __use_no_semihosting
    usart.o(i.HAL_UART_MspInit) refers (Special) to use_no_semi_2.o(.text) for __use_no_semihosting
    usart.o(i.HAL_UART_MspInit) refers to stm32f1xx_hal_gpio.o(i.HAL_GPIO_Init) for HAL_GPIO_Init
    usart.o(i.HAL_UART_MspInit) refers to stm32f1xx_hal_cortex.o(i.HAL_NVIC_EnableIRQ) for HAL_NVIC_EnableIRQ
    usart.o(i.HAL_UART_MspInit) refers to stm32f1xx_hal_cortex.o(i.HAL_NVIC_SetPriority) for HAL_NVIC_SetPriority
    usart.o(i.HAL_UART_RxCpltCallback) refers (Special) to use_no_semi_2.o(.text) for __use_no_semihosting
    usart.o(i.HAL_UART_RxCpltCallback) refers to usart.o(.data) for USART_RX_STA
    usart.o(i.HAL_UART_RxCpltCallback) refers to usart.o(.bss) for USART_RX_BUF
    usart.o(i.USART1_IRQHandler) refers (Special) to use_no_semi_2.o(.text) for __use_no_semihosting
[...]
    ..\HALLIB\STM32F1xx_HAL_Driver\Src\stm32f1xx_hal_rcc.c 0x00000000   Number         0  stm32f1xx_hal_rcc.o ABSOLUTE
    ..\HALLIB\STM32F1xx_HAL_Driver\Src\stm32f1xx_hal_rcc_ex.c 0x00000000   Number         0  stm32f1xx_hal_rcc_ex.o ABSOLUTE
    ..\HALLIB\STM32F1xx_HAL_Driver\Src\stm32f1xx_hal_tim.c 0x00000000   Number         0  stm32f1xx_hal_tim.o ABSOLUTE
    ..\HALLIB\STM32F1xx_HAL_Driver\Src\stm32f1xx_hal_tim_ex.c 0x00000000   Number         0  stm32f1xx_hal_tim_ex.o ABSOLUTE
    ..\HALLIB\STM32F1xx_HAL_Driver\Src\stm32f1xx_hal_uart.c 0x00000000   Number         0  stm32f1xx_hal_uart.o ABSOLUTE
    ..\HALLIB\STM32F1xx_HAL_Driver\Src\stm32f1xx_hal_usart.c 0x00000000   Number         0  stm32f1xx_hal_usart.o ABSOLUTE
    ..\HARDWARE\ADC\adc.c                    0x00000000   Number         0  adc.o ABSOLUTE
    ..\HARDWARE\DHT11\dht11.c                0x00000000   Number         0  dht11.o ABSOLUTE
    ..\HARDWARE\LED\led.c                    0x00000000   Number         0  led.o ABSOLUTE
    ..\HARDWARE\SMG\smg.c                    0x00000000   Number         0  smg.o ABSOLUTE
    ..\HARDWARE\TIMER\timer.c                0x00000000   Number         0  timer.o ABSOLUTE
    ..\SYSTEM\delay\delay.c                  0x00000000   Number         0  delay.o ABSOLUTE
    ..\SYSTEM\sys\sys.c                      0x00000000   Number         0  sys.o ABSOLUTE
    ..\SYSTEM\usart\usart.c                  0x00000000   Number         0  usart.o ABSOLUTE
    ..\\HALLIB\\STM32F1xx_HAL_Driver\\Src\\stm32f1xx_hal.c 0x00000000   Number         0  stm32f1xx_hal.o ABSOLUTE
    ..\\HALLIB\\STM32F1xx_HAL_Driver\\Src\\stm32f1xx_hal_adc.c 0x00000000   Number         0  stm32f1xx_hal_adc.o ABSOLUTE
    ..\\HALLIB\\STM32F1xx_HAL_Driver\\Src\\stm32f1xx_hal_adc_ex.c 0x00000000   Number         0  stm32f1xx_hal_adc_ex.o ABSOLUTE
    ..\\HALLIB\\STM32F1xx_HAL_Driver\\Src\\stm32f1xx_hal_cortex.c 0x00000000   Number         0  stm32f1xx_hal_cortex.o ABSOLUTE
    ..\\HALLIB\\STM32F1xx_HAL_Driver\\Src\\stm32f1xx_hal_dma.c 0x00000000   Number         0  stm32f1xx_hal_dma.o ABSOLUTE
    ..\\HALLIB\\STM32F1xx_HAL_Driver\\Src\\stm32f1xx_hal_gpio.c 0x00000000   Number         0  stm32f1xx_hal_gpio.o ABSOLUTE
    ..\\HALLIB\\STM32F1xx_HAL_Driver\\Src\\stm32f1xx_hal_gpio_ex.c 0x00000000   Number         0  stm32f1xx_hal_gpio_ex.o ABSOLUTE
    ..\\HALLIB\\STM32F1xx_HAL_Driver\\Src\\stm32f1xx_hal_pwr.c 0x00000000   Number         0  stm32f1xx_hal_pwr.o ABSOLUTE
    ..\\HALLIB\\STM32F1xx_HAL_Driver\\Src\\stm32f1xx_hal_rcc.c 0x00000000   Number         0  stm32f1xx_hal_rcc.o ABSOLUTE
    ..\\HALLIB\\STM32F1xx_HAL_Driver\\Src\\stm32f1xx_hal_rcc_ex.c 0x00000000   Number         0  stm32f1xx_hal_rcc_ex.o ABSOLUTE
    ..\\HALLIB\\STM32F1xx_HAL_Driver\\Src\\stm32f1xx_hal_tim.c 0x00000000   Number         0  stm32f1xx_hal_tim.o ABSOLUTE
    ..\\HALLIB\\STM32F1xx_HAL_Driver\\Src\\stm32f1xx_hal_tim_ex.c 0x00000000   Number         0  stm32f1xx_hal_tim_ex.o ABSOLUTE
    ..\\HALLIB\\STM32F1xx_HAL_Driver\\Src\\stm32f1xx_hal_uart.c 0x00000000   Number         0  stm32f1xx_hal_uart.o ABSOLUTE
    ..\\HALLIB\\STM32F1xx_HAL_Driver\\Src\\stm32f1xx_hal_usart.c 0x00000000   Number         0  stm32f1xx_hal_usart.o ABSOLUTE
    ..\\HARDWARE\\ADC\\adc.c                 0x00000000   Number         0  adc.o ABSOLUTE
    ..\\HARDWARE\\DHT11\\dht11.c             0x00000000   Number         0  dht11.o ABSOLUTE
    ..\\HARDWARE\\LED\\led.c                 0x00000000   Number         0  led.o ABSOLUTE
    ..\\HARDWARE\\SMG\\smg.c                 0x00000000   Number         0  smg.o ABSOLUTE
    ..\\HARDWARE\\TIMER\\timer.c             0x00000000   Number         0  timer.o ABSOLUTE
    ..\\SYSTEM\\delay\\delay.c               0x00000000   Number         0  delay.o ABSOLUTE
    ..\\SYSTEM\\sys\\sys.c                   0x00000000   Number         0  sys.o ABSOLUTE
    ..\\SYSTEM\\usart\\usart.c               0x00000000   Number         0  usart.o ABSOLUTE
    dc.s                                     0x00000000   Number         0  dc.o ABSOLUTE
    main.c                                   0x00000000   Number         0  main.o ABSOLUTE
    main.c                                   0x00000000   Number         0  main.o ABSOLUTE
    stm32f1xx_hal_msp.c                      0x00000000   Number         0  stm32f1xx_hal_msp.o ABSOLUTE
    stm32f1xx_hal_msp.c                      0x00000000   Number         0  stm32f1xx_hal_msp.o ABSOLUTE
    stm32f1xx_it.c                           0x00000000   Number         0  stm32f1xx_it.o ABSOLUTE
    stm32f1xx_it.c                           0x00000000   Number         0  stm32f1xx_it.o ABSOLUTE
    system_stm32f1xx.c                       0x00000000   Number         0  system_stm32f1xx.o ABSOLUTE
    system_stm32f1xx.c                       0x00000000   Number         0  system_stm32f1xx.o ABSOLUTE
    RESET                                    0x08000000   Section      236  startup_stm32f103xb.o(RESET)
    !!!main                                  0x080000ec   Section        8  __main.o(!!!main)
    !!!scatter                               0x080000f4   Section       52  __scatter.o(!!!scatter)
    !!handler_copy                           0x08000128   Section       26  __scatter_copy.o(!!handler_copy)
    !!handler_zi                             0x08000144   Section       28  __scatter_zi.o(!!handler_zi)
    .ARM.Collect$$_printf_percent$$00000000  0x08000160   Section        0  _printf_percent.o(.ARM.Collect$$_printf_percent$$00000000)
    .ARM.Collect$$_printf_percent$$00000003  0x08000160   Section        6  _printf_f.o(.ARM.Collect$$_printf_percent$$00000003)
    .ARM.Collect$$_printf_percent$$00000009  0x08000166   Section        6  _printf_d.o(.ARM.Collect$$_printf_percent$$00000009)
    .ARM.Collect$$_printf_percent$$00000017  0x0800016c   Section        4  _printf_percent_end.o(.ARM.Collect$$_printf_percent$$00000017)
    .ARM.Collect$$libinit$$00000000          0x08000170   Section        2  libinit.o(.ARM.Collect$$libinit$$00000000)
    .ARM.Collect$$libinit$$00000002          0x08000172   Section        0  libinit2.o(.ARM.Collect$$libinit$$00000002)
    .ARM.Collect$$libinit$$00000004          0x08000172   Section        0  libinit2.o(.ARM.Collect$$libinit$$00000004)
    .ARM.Collect$$libinit$$0000000A          0x08000172   Section        0  libinit2.o(.ARM.Collect$$libinit$$0000000A)
    .ARM.Collect$$libinit$$0000000C          0x08000172   Section        0  libinit2.o(.ARM.Collect$$libinit$$0000000C)
    .ARM.Collect$$libinit$$0000000E          0x08000172   Section        0  libinit2.o(.ARM.Collect$$libinit$$0000000E)
    .ARM.Collect$$libinit$$0000000F          0x08000172   Section        6  libinit2.o(.ARM.Collect$$libinit$$0000000F)
    .ARM.Collect$$libinit$$00000011          0x08000178   Section        0  libinit2.o(.ARM.Collect$$libinit$$00000011)
    .ARM.Collect$$libinit$$00000013          0x08000178   Section        0  libinit2.o(.ARM.Collect$$libinit$$00000013)
    .ARM.Collect$$libinit$$00000015          0x08000178   Section        0  libinit2.o(.ARM.Collect$$libinit$$00000015)
    .ARM.Collect$$libinit$$00000016          0x08000178   Section       10  libinit2.o(.ARM.Collect$$libinit$$00000016)
    .ARM.Collect$$libinit$$00000017          0x08000182   Section        0  libinit2.o(.ARM.Collect$$libinit$$00000017)
    .ARM.Collect$$libinit$$00000019          0x08000182   Section        0  libinit2.o(.ARM.Collect$$libinit$$00000019)
    .ARM.Collect$$libinit$$0000001B          0x08000182   Section        0  libinit2.o(.ARM.Collect$$libinit$$0000001B)
    .ARM.Collect$$libinit$$0000001D          0x08000182   Section        0  libinit2.o(.ARM.Collect$$libinit$$0000001D)
    .ARM.Collect$$libinit$$0000001F          0x08000182   Section        0  libinit2.o(.ARM.Collect$$libinit$$0000001F)
    .ARM.Collect$$libinit$$00000021          0x08000182   Section        0  libinit2.o(.ARM.Collect$$libinit$$00000021)
    .ARM.Collect$$libinit$$00000023          0x08000182   Section        0  libinit2.o(.ARM.Collect$$libinit$$00000023)
    .ARM.Collect$$libinit$$00000025          0x08000182   Section        0  libinit2.o(.ARM.Collect$$libinit$$00000025)
    .ARM.Collect$$libinit$$0000002C          0x08000182   Section        0  libinit2.o(.ARM.Collect$$libinit$$0000002C)
    .ARM.Collect$$libinit$$0000002E          0x08000182   Section        0  libinit2.o(.ARM.Collect$$libinit$$0000002E)
    .ARM.Collect$$libinit$$00000030          0x08000182   Section        0  libinit2.o(.ARM.Collect$$libinit$$00000030)
    .ARM.Collect$$libinit$$00000032          0x08000182   Section        0  libinit2.o(.ARM.Collect$$libinit$$00000032)
    .ARM.Collect$$libinit$$00000033          0x08000182   Section        2  libinit2.o(.ARM.Collect$$libinit$$00000033)
    .ARM.Collect$$libshutdown$$00000000      0x08000184   Section        2  libshutdown.o(.ARM.Collect$$libshutdown$$00000000)
    .ARM.Collect$$libshutdown$$00000002      0x08000186   Section        0  libshutdown2.o(.ARM.Collect$$libshutdown$$00000002)
    .ARM.Collect$$libshutdown$$00000004      0x08000186   Section        0  libshutdown2.o(.ARM.Collect$$libshutdown$$00000004)
    .ARM.Collect$$libshutdown$$00000007      0x08000186   Section        0  libshutdown2.o(.ARM.Collect$$libshutdown$$00000007)
    .ARM.Collect$$libshutdown$$0000000A      0x08000186   Section        0  libshutdown2.o(.ARM.Collect$$libshutdown$$0000000A)
    .ARM.Collect$$libshutdown$$0000000C      0x08000186   Section        0  libshutdown2.o(.ARM.Collect$$libshutdown$$0000000C)
    .ARM.Collect$$libshutdown$$0000000F      0x08000186   Section        0  libshutdown2.o(.ARM.Collect$$libshutdown$$0000000F)
    .ARM.Collect$$libshutdown$$00000010      0x08000186   Section        2  libshutdown2.o(.ARM.Collect$$libshutdown$$00000010)
    .ARM.Collect$$rtentry$$00000000          0x08000188   Section        0  __rtentry.o(.ARM.Collect$$rtentry$$00000000)
    .ARM.Collect$$rtentry$$00000002          0x08000188   Section        0  __rtentry2.o(.ARM.Collect$$rtentry$$00000002)
    .ARM.Collect$$rtentry$$00000004          0x08000188   Section        6  __rtentry4.o(.ARM.Collect$$rtentry$$00000004)
    .ARM.Collect$$rtentry$$00000009          0x0800018e   Section        0  __rtentry2.o(.ARM.Collect$$rtentry$$00000009)
    .ARM.Collect$$rtentry$$0000000A          0x0800018e   Section        4  __rtentry2.o(.ARM.Collect$$rtentry$$0000000A)
    .ARM.Collect$$rtentry$$0000000C          0x08000192   Section        0  __rtentry2.o(.ARM.Collect$$rtentry$$0000000C)
    .ARM.Collect$$rtentry$$0000000D          0x08000192   Section        8  __rtentry2.o(.ARM.Collect$$rtentry$$0000000D)
    .ARM.Collect$$rtexit$$00000000           0x0800019a   Section        2  rtexit.o(.ARM.Collect$$rtexit$$00000000)
    .ARM.Collect$$rtexit$$00000002           0x0800019c   Section        0  rtexit2.o(.ARM.Collect$$rtexit$$00000002)
    .ARM.Collect$$rtexit$$00000003           0x0800019c   Section        4  rtexit2.o(.ARM.Collect$$rtexit$$00000003)
    .ARM.Collect$$rtexit$$00000004           0x080001a0   Section        6  rtexit2.o(.ARM.Collect$$rtexit$$00000004)
    .text                                    0x080001a8   Section       64  startup_stm32f103xb.o(.text)
    .text                                    0x080001e8   Section        2  use_no_semi_2.o(.text)
    .text                                    0x080001ec   Section        0  noretval__2printf.o(.text)
    .text                                    0x08000204   Section        0  _printf_pad.o(.text)
    .text                                    0x08000254   Section        0  _printf_dec.o(.text)
    .text                                    0x080002cc   Section        0  __printf_wp.o(.text)
    .text                                    0x080003da   Section        0  heapauxi.o(.text)
    .text                                    0x080003e0   Section        2  use_no_semi.o(.text)
    .text                                    0x080003e2   Section        0  _printf_intcommon.o(.text)
    .text                                    0x08000494   Section        0  _printf_fp_dec.o(.text)
    _fp_digits                               0x08000497   Thumb Code   428  _printf_fp_dec.o(.text)
    .text                                    0x080008b0   Section        0  _printf_char_file.o(.text)
    .text                                    0x080008d4   Section        8  rt_locale_intlibspace.o(.text)
    .text                                    0x080008dc   Section      138  lludiv10.o(.text)
    .text                                    0x08000968   Section        0  _printf_char_common.o(.text)
    _printf_input_char                       0x08000969   Thumb Code    10  _printf_char_common.o(.text)
    .text                                    0x08000998   Section        0  _printf_fp_infnan.o(.text)
    .text                                    0x08000a18   Section        0  bigflt0.o(.text)
    .text                                    0x08000af4   Section        0  ferror.o(.text)
    .text                                    0x08000afc   Section        8  libspace.o(.text)
    .text                                    0x08000b04   Section       74  sys_stackheap_outer.o(.text)
    .text                                    0x08000b4e   Section        0  exit.o(.text)
    .text                                    0x08000b60   Section      128  strcmpv7m.o(.text)
    CL$$btod_d2e                             0x08000be0   Section       62  btod.o(CL$$btod_d2e)
    CL$$btod_d2e_denorm_low                  0x08000c1e   Section       70  btod.o(CL$$btod_d2e_denorm_low)
    CL$$btod_d2e_norm_op1                    0x08000c64   Section       96  btod.o(CL$$btod_d2e_norm_op1)
    CL$$btod_div_common                      0x08000cc4   Section      824  btod.o(CL$$btod_div_common)
    CL$$btod_e2e                             0x08000ffc   Section      198  btod.o(CL$$btod_e2e)
    CL$$btod_ediv                            0x080010c2   Section       40  btod.o(CL$$btod_ediv)
    CL$$btod_emul                            0x080010ea   Section       40  btod.o(CL$$btod_emul)
    CL$$btod_mult_common                     0x08001112   Section      580  btod.o(CL$$btod_mult_common)
    i.ADC_ConversionStop_Disable             0x08001356   Section        0  stm32f1xx_hal_adc.o(i.ADC_ConversionStop_Disable)
    i.ADC_Enable                             0x080013a8   Section        0  stm32f1xx_hal_adc.o(i.ADC_Enable)
    i.Adc_Init                               0x0800142c   Section        0  adc.o(i.Adc_Init)
    i.BusFault_Handler                       0x08001474   Section        0  stm32f1xx_it.o(i.BusFault_Handler)
    i.DHT11_Check                            0x08001478   Section        0  dht11.o(i.DHT11_Check)
    i.DHT11_Read_Bit                         0x080014dc   Section        0  dht11.o(i.DHT11_Read_Bit)
    i.DHT11_Read_Byte                        0x08001528   Section        0  dht11.o(i.DHT11_Read_Byte)
    i.DHT11_Read_Data                        0x08001546   Section        0  dht11.o(i.DHT11_Read_Data)
    i.DHT11_Rst                              0x080015a0   Section        0  dht11.o(i.DHT11_Rst)
    i.DebugMon_Handler                       0x080015e0   Section        0  stm32f1xx_it.o(i.DebugMon_Handler)
    i.Get_Adc                                0x080015e4   Section        0  adc.o(i.Get_Adc)
    i.Get_Adc_Average                        0x08001618   Section        0  adc.o(i.Get_Adc_Average)
    i.HAL_ADCEx_Calibration_Start            0x08001640   Section        0  stm32f1xx_hal_adc_ex.o(i.HAL_ADCEx_Calibration_Start)
    i.HAL_ADC_ConfigChannel                  0x08001744   Section        0  stm32f1xx_hal_adc.o(i.HAL_ADC_ConfigChannel)
    i.HAL_ADC_GetValue                       0x080018a4   Section        0  stm32f1xx_hal_adc.o(i.HAL_ADC_GetValue)
    i.HAL_ADC_Init                           0x080018ac   Section        0  stm32f1xx_hal_adc.o(i.HAL_ADC_Init)
    i.HAL_ADC_MspInit                        0x080019f0   Section        0  adc.o(i.HAL_ADC_MspInit)
    i.HAL_ADC_PollForConversion              0x08001a4c   Section        0  stm32f1xx_hal_adc.o(i.HAL_ADC_PollForConversion)
    i.HAL_ADC_Start                          0x08001bbc   Section        0  stm32f1xx_hal_adc.o(i.HAL_ADC_Start)
    i.HAL_DMA_Abort_IT                       0x08001cec   Section        0  stm32f1xx_hal_dma.o(i.HAL_DMA_Abort_IT)
    i.HAL_GPIO_Init                          0x08001d9c   Section        0  stm32f1xx_hal_gpio.o(i.HAL_GPIO_Init)
    i.HAL_GPIO_WritePin                      0x080020b8   Section        0  stm32f1xx_hal_gpio.o(i.HAL_GPIO_WritePin)
    i.HAL_GetTick                            0x080020c4   Section        0  stm32f1xx_hal.o(i.HAL_GetTick)
    i.HAL_IncTick                            0x080020d0   Section        0  stm32f1xx_hal.o(i.HAL_IncTick)
    i.HAL_Init                               0x080020e0   Section        0  stm32f1xx_hal.o(i.HAL_Init)
    i.HAL_InitTick                           0x08002108   Section        0  stm32f1xx_hal.o(i.HAL_InitTick)
    i.HAL_MspInit                            0x08002130   Section        0  stm32f1xx_hal_msp.o(i.HAL_MspInit)
    i.HAL_NVIC_EnableIRQ                     0x08002132   Section        0  stm32f1xx_hal_cortex.o(i.HAL_NVIC_EnableIRQ)
    i.HAL_NVIC_SetPriority                   0x0800214c   Section        0  stm32f1xx_hal_cortex.o(i.HAL_NVIC_SetPriority)
    i.HAL_NVIC_SetPriorityGrouping           0x080021c8   Section        0  stm32f1xx_hal_cortex.o(i.HAL_NVIC_SetPriorityGrouping)
    i.HAL_RCCEx_GetPeriphCLKFreq             0x080021f0   Section        0  stm32f1xx_hal_rcc_ex.o(i.HAL_RCCEx_GetPeriphCLKFreq)
    i.HAL_RCCEx_PeriphCLKConfig              0x08002310   Section        0  stm32f1xx_hal_rcc_ex.o(i.HAL_RCCEx_PeriphCLKConfig)
    i.HAL_RCC_ClockConfig                    0x08002440   Section        0  stm32f1xx_hal_rcc.o(i.HAL_RCC_ClockConfig)
    i.HAL_RCC_GetHCLKFreq                    0x080025e4   Section        0  stm32f1xx_hal_rcc.o(i.HAL_RCC_GetHCLKFreq)
    i.HAL_RCC_GetPCLK1Freq                   0x080025f0   Section        0  stm32f1xx_hal_rcc.o(i.HAL_RCC_GetPCLK1Freq)
    i.HAL_RCC_GetPCLK2Freq                   0x08002610   Section        0  stm32f1xx_hal_rcc.o(i.HAL_RCC_GetPCLK2Freq)
    i.HAL_RCC_GetSysClockFreq                0x08002630   Section        0  stm32f1xx_hal_rcc.o(i.HAL_RCC_GetSysClockFreq)
    i.HAL_RCC_OscConfig                      0x080026c8   Section        0  stm32f1xx_hal_rcc.o(i.HAL_RCC_OscConfig)
    i.HAL_SYSTICK_CLKSourceConfig            0x08002b08   Section        0  stm32f1xx_hal_cortex.o(i.HAL_SYSTICK_CLKSourceConfig)
    i.HAL_SYSTICK_Config                     0x08002b30   Section        0  stm32f1xx_hal_cortex.o(i.HAL_SYSTICK_Config)
    i.HAL_TIMEx_BreakCallback                0x08002b64   Section        0  stm32f1xx_hal_tim_ex.o(i.HAL_TIMEx_BreakCallback)
    i.HAL_TIMEx_CommutationCallback          0x08002b66   Section        0  stm32f1xx_hal_tim_ex.o(i.HAL_TIMEx_CommutationCallback)
    i.HAL_TIM_Base_Init                      0x08002b68   Section        0  stm32f1xx_hal_tim.o(i.HAL_TIM_Base_Init)
    i.HAL_TIM_Base_MspInit                   0x08002b9c   Section        0  timer.o(i.HAL_TIM_Base_MspInit)
    i.HAL_TIM_Base_Start_IT                  0x08002c14   Section        0  stm32f1xx_hal_tim.o(i.HAL_TIM_Base_Start_IT)
    i.HAL_TIM_IC_CaptureCallback             0x08002c32   Section        0  stm32f1xx_hal_tim.o(i.HAL_TIM_IC_CaptureCallback)
    i.HAL_TIM_IRQHandler                     0x08002c34   Section        0  stm32f1xx_hal_tim.o(i.HAL_TIM_IRQHandler)
    i.HAL_TIM_OC_DelayElapsedCallback        0x08002dca   Section        0  stm32f1xx_hal_tim.o(i.HAL_TIM_OC_DelayElapsedCallback)
    i.HAL_TIM_PWM_PulseFinishedCallback      0x08002dcc   Section        0  stm32f1xx_hal_tim.o(i.HAL_TIM_PWM_PulseFinishedCallback)
    i.HAL_TIM_PeriodElapsedCallback          0x08002dd0   Section        0  main.o(i.HAL_TIM_PeriodElapsedCallback)
    i.HAL_TIM_TriggerCallback                0x08003054   Section        0  stm32f1xx_hal_tim.o(i.HAL_TIM_TriggerCallback)
    i.HAL_UART_ErrorCallback                 0x08003056   Section        0  stm32f1xx_hal_uart.o(i.HAL_UART_ErrorCallback)
    i.HAL_UART_GetState                      0x08003058   Section        0  stm32f1xx_hal_uart.o(i.HAL_UART_GetState)
    i.HAL_UART_IRQHandler                    0x0800306c   Section        0  stm32f1xx_hal_uart.o(i.HAL_UART_IRQHandler)
    i.HAL_UART_Init                          0x080031b8   Section        0  stm32f1xx_hal_uart.o(i.HAL_UART_Init)
    i.HAL_UART_MspInit                       0x0800322c   Section        0  usart.o(i.HAL_UART_MspInit)
    i.HAL_UART_Receive_IT                    0x080032d4   Section        0  stm32f1xx_hal_uart.o(i.HAL_UART_Receive_IT)
    i.HAL_UART_RxCpltCallback                0x08003344   Section        0  usart.o(i.HAL_UART_RxCpltCallback)
    i.HAL_UART_TxCpltCallback                0x080033cc   Section        0  stm32f1xx_hal_uart.o(i.HAL_UART_TxCpltCallback)
    i.HardFault_Handler                      0x080033ce   Section        0  stm32f1xx_it.o(i.HardFault_Handler)
    i.LED_Init                               0x080033d4   Section        0  led.o(i.LED_Init)
    i.LED_Refresh                            0x08003420   Section        0  smg.o(i.LED_Refresh)
    i.LED_SMG_Init                           0x08003440   Section        0  smg.o(i.LED_SMG_Init)
    i.LED_Wei                                0x08003528   Section        0  smg.o(i.LED_Wei)
    i.LED_Write_Data                         0x08003550   Section        0  smg.o(i.LED_Write_Data)
    i.MemManage_Handler                      0x08003594   Section        0  stm32f1xx_it.o(i.MemManage_Handler)
    i.NMI_Handler                            0x08003598   Section        0  stm32f1xx_it.o(i.NMI_Handler)
    i.NVIC_GetPriorityGrouping               0x0800359c   Section        0  stm32f1xx_hal_cortex.o(i.NVIC_GetPriorityGrouping)
    NVIC_GetPriorityGrouping                 0x0800359d   Thumb Code    10  stm32f1xx_hal_cortex.o(i.NVIC_GetPriorityGrouping)
    i.NVIC_SetPriority                       0x080035ac   Section        0  stm32f1xx_hal_cortex.o(i.NVIC_SetPriority)
    NVIC_SetPriority                         0x080035ad   Thumb Code    32  stm32f1xx_hal_cortex.o(i.NVIC_SetPriority)
    i.PendSV_Handler                         0x080035d4   Section        0  stm32f1xx_it.o(i.PendSV_Handler)
    i.RCC_Delay                              0x080035d8   Section        0  stm32f1xx_hal_rcc.o(i.RCC_Delay)
    RCC_Delay                                0x080035d9   Thumb Code    36  stm32f1xx_hal_rcc.o(i.RCC_Delay)
    i.SVC_Handler                            0x08003600   Section        0  stm32f1xx_it.o(i.SVC_Handler)
    i.Stm32_Clock_Init                       0x08003602   Section        0  sys.o(i.Stm32_Clock_Init)
    i.SysTick_Handler                        0x08003658   Section        0  stm32f1xx_it.o(i.SysTick_Handler)
    i.SystemInit                             0x08003660   Section        0  system_stm32f1xx.o(i.SystemInit)
    i.TIM2_IRQHandler                        0x080036b8   Section        0  timer.o(i.TIM2_IRQHandler)
    i.TIM2_Init                              0x080036c8   Section        0  timer.o(i.TIM2_Init)
    i.TIM3_IRQHandler                        0x080036f8   Section        0  timer.o(i.TIM3_IRQHandler)
    i.TIM3_Init                              0x08003708   Section        0  timer.o(i.TIM3_Init)
    i.TIM_Base_SetConfig                     0x08003738   Section        0  stm32f1xx_hal_tim.o(i.TIM_Base_SetConfig)
    i.UART_DMAAbortOnError                   0x080037ac   Section        0  stm32f1xx_hal_uart.o(i.UART_DMAAbortOnError)
    UART_DMAAbortOnError                     0x080037ad   Thumb Code    20  stm32f1xx_hal_uart.o(i.UART_DMAAbortOnError)
    i.UART_EndRxTransfer                     0x080037c0   Section        0  stm32f1xx_hal_uart.o(i.UART_EndRxTransfer)
    UART_EndRxTransfer                       0x080037c1   Thumb Code    32  stm32f1xx_hal_uart.o(i.UART_EndRxTransfer)
    i.UART_EndTransmit_IT                    0x080037e0   Section        0  stm32f1xx_hal_uart.o(i.UART_EndTransmit_IT)
    UART_EndTransmit_IT                      0x080037e1   Thumb Code    32  stm32f1xx_hal_uart.o(i.UART_EndTransmit_IT)
    i.UART_Receive_IT                        0x08003800   Section        0  stm32f1xx_hal_uart.o(i.UART_Receive_IT)
    UART_Receive_IT                          0x08003801   Thumb Code   166  stm32f1xx_hal_uart.o(i.UART_Receive_IT)
    i.UART_SetConfig                         0x080038a8   Section        0  stm32f1xx_hal_uart.o(i.UART_SetConfig)
    UART_SetConfig                           0x080038a9   Thumb Code   450  stm32f1xx_hal_uart.o(i.UART_SetConfig)
    i.UART_Transmit_IT                       0x08003a70   Section        0  stm32f1xx_hal_uart.o(i.UART_Transmit_IT)
    UART_Transmit_IT                         0x08003a71   Thumb Code   104  stm32f1xx_hal_uart.o(i.UART_Transmit_IT)
    i.USART1_IRQHandler                      0x08003ad8   Section        0  usart.o(i.USART1_IRQHandler)
    i.UsageFault_Handler                     0x08003b18   Section        0  stm32f1xx_it.o(i.UsageFault_Handler)
    i.__ARM_fpclassify                       0x08003b1c   Section        0  fpclassify.o(i.__ARM_fpclassify)
    i._is_digit                              0x08003b44   Section        0  __printf_wp.o(i._is_digit)
    i._sys_exit                              0x08003b52   Section        0  usart.o(i._sys_exit)
    i.delay_init                             0x08003b58   Section        0  delay.o(i.delay_init)
    i.delay_ms                               0x08003b6c   Section        0  delay.o(i.delay_ms)
    i.delay_us                               0x08003b84   Section        0  delay.o(i.delay_us)
    i.fputc                                  0x08003bcc   Section        0  usart.o(i.fputc)
    i.main                                   0x08003be8   Section        0  main.o(i.main)
    i.uart_init                              0x08003c84   Section        0  usart.o(i.uart_init)
    locale$$code                             0x08003cbc   Section       44  lc_numeric_c.o(locale$$code)
    x$fpl$d2f                                0x08003ce8   Section       98  d2f.o(x$fpl$d2f)
    x$fpl$dmul                               0x08003d4c   Section      340  dmul.o(x$fpl$dmul)
    x$fpl$dnaninf                            0x08003ea0   Section      156  dnaninf.o(x$fpl$dnaninf)
    x$fpl$dretinf                            0x08003f3c   Section       12  dretinf.o(x$fpl$dretinf)
    x$fpl$f2d                                0x08003f48   Section       86  f2d.o(x$fpl$f2d)
    x$fpl$fadd                               0x08003fa0   Section      196  faddsub_clz.o(x$fpl$fadd)
    _fadd1                                   0x08003faf   Thumb Code     0  faddsub_clz.o(x$fpl$fadd)
    x$fpl$fdiv                               0x08004064   Section      388  fdiv.o(x$fpl$fdiv)
    _fdiv1                                   0x08004065   Thumb Code     0  fdiv.o(x$fpl$fdiv)
    x$fpl$ffixu                              0x080041e8   Section       62  ffixu.o(x$fpl$ffixu)
    x$fpl$ffltu                              0x08004228   Section       38  fflt_clz.o(x$fpl$ffltu)
    x$fpl$fmul                               0x08004250   Section      258  fmul.o(x$fpl$fmul)
    x$fpl$fnaninf                            0x08004352   Section      140  fnaninf.o(x$fpl$fnaninf)
    x$fpl$fretinf                            0x080043de   Section       10  fretinf.o(x$fpl$fretinf)
    x$fpl$frsb                               0x080043e8   Section       20  faddsub_clz.o(x$fpl$frsb)
    x$fpl$fsub                               0x080043fc   Section      234  faddsub_clz.o(x$fpl$fsub)
    _fsub1                                   0x0800440b   Thumb Code     0  faddsub_clz.o(x$fpl$fsub)
    x$fpl$printf1                            0x080044e6   Section        4  printf1.o(x$fpl$printf1)
    .constdata                               0x080044ea   Section       24  system_stm32f1xx.o(.constdata)
    x$fpl$usenofp                            0x080044ea   Section        0  usenofp.o(x$fpl$usenofp)
    .constdata                               0x08004504   Section      148  bigflt0.o(.constdata)
    tenpwrs_x                                0x08004504   Data          60  bigflt0.o(.constdata)
    tenpwrs_i                                0x08004540   Data          64  bigflt0.o(.constdata)
    locale$$data                             0x080045b8   Section       28  lc_numeric_c.o(locale$$data)
    __lcnum_c_name                           0x080045bc   Data           2  lc_numeric_c.o(locale$$data)
    __lcnum_c_start                          0x080045c4   Data           0  lc_numeric_c.o(locale$$data)
    __lcnum_c_point                          0x080045d0   Data           0  lc_numeric_c.o(locale$$data)
    __lcnum_c_thousands                      0x080045d2   Data           0  lc_numeric_c.o(locale$$data)
    __lcnum_c_grouping                       0x080045d3   Data           0  lc_numeric_c.o(locale$$data)
    __lcnum_c_end                            0x080045d4   Data           0  lc_numeric_c.o(locale$$data)
    .data                                    0x20000000   Section       40  main.o(.data)
    adcx                                     0x20000016   Data           2  main.o(.data)
    adcx1                                    0x20000018   Data           2  main.o(.data)
    temp                                     0x2000001c   Data           4  main.o(.data)
    i                                        0x20000024   Data           4  main.o(.data)
    .data                                    0x20000028   Section        4  system_stm32f1xx.o(.data)
    .data                                    0x2000002c   Section        4  delay.o(.data)
    fac_us                                   0x2000002c   Data           4  delay.o(.data)
    .data                                    0x20000030   Section        7  usart.o(.data)
    .data                                    0x20000038   Section        4  stm32f1xx_hal.o(.data)
    .bss                                     0x2000003c   Section      264  usart.o(.bss)
    .bss                                     0x20000144   Section      128  timer.o(.bss)
    .bss                                     0x200001c4   Section       48  adc.o(.bss)
    .bss                                     0x200001f4   Section       96  libspace.o(.bss)
    HEAP                                     0x20000258   Section      512  startup_stm32f103xb.o(HEAP)
    Heap_Mem                                 0x20000258   Data         512  startup_stm32f103xb.o(HEAP)
    STACK                                    0x20000458   Section     1024  startup_stm32f103xb.o(STACK)
    Stack_Mem                                0x20000458   Data        1024  startup_stm32f103xb.o(STACK)
    __initial_sp                             0x20000858   Data           0  startup_stm32f103xb.o(STACK)

    Global Symbols

    Symbol Name                              Value     Ov Type        Size  Object(Section)

    BuildAttributes$$THM_ISAv4$P$D$K$B$S$PE$A:L22UL41UL21$X:L11$S22US41US21$IEEE1$IW$USESV6$~STKCKD$USESV7$~SHL$OTIME$ROPI$IEEEJ$EBA8$UX$STANDARDLIB$REQ8$PRES8$EABIv2 0x00000000   Number         0  anon$$obj.o ABSOLUTE
    __ARM_use_no_argv                        0x00000000   Number         0  main.o ABSOLUTE
    _printf_flags                            0x00000000   Number         0  printf_stubs.o ABSOLUTE
    _printf_return_value                     0x00000000   Number         0  printf_stubs.o ABSOLUTE
    _printf_sizespec                         0x00000000   Number         0  printf_stubs.o ABSOLUTE
    _printf_widthprec                        0x00000000   Number         0  printf_stubs.o ABSOLUTE
    __ARM_exceptions_init                     - Undefined Weak Reference
    __alloca_initialize                       - Undefined Weak Reference
    __arm_preinit_                            - Undefined Weak Reference
    __cpp_initialize__aeabi_                  - Undefined Weak Reference
    __cxa_finalize                            - Undefined Weak Reference
    __sigvec_lookup                           - Undefined Weak Reference
    _atexit_init                              - Undefined Weak Reference
    _call_atexit_fns                          - Undefined Weak Reference
    _clock_init                               - Undefined Weak Reference
    _fp_trap_init                             - Undefined Weak Reference
    _fp_trap_shutdown                         - Undefined Weak Reference
    _get_lc_collate                           - Undefined Weak Reference
    _get_lc_ctype                             - Undefined Weak Reference
    _get_lc_monetary                          - Undefined Weak Reference
    _get_lc_time                              - Undefined Weak Reference
    _getenv_init                              - Undefined Weak Reference
    _handle_redirection                       - Undefined Weak Reference
    _init_alloc                               - Undefined Weak Reference
    _init_user_alloc                          - Undefined Weak Reference
    _initio                                   - Undefined Weak Reference
    _mutex_acquire                            - Undefined Weak Reference
    _mutex_release                            - Undefined Weak Reference
    _printf_truncate_signed                   - Undefined Weak Reference
    _printf_truncate_unsigned                 - Undefined Weak Reference
    _rand_init                                - Undefined Weak Reference
    _signal_finish                            - Undefined Weak Reference
    _signal_init                              - Undefined Weak Reference
    _terminate_alloc                          - Undefined Weak Reference
    _terminate_user_alloc                     - Undefined Weak Reference
    _terminateio                              - Undefined Weak Reference
    __Vectors_Size                           0x000000ec   Number         0  startup_stm32f103xb.o ABSOLUTE
    __Vectors                                0x08000000   Data           4  startup_stm32f103xb.o(RESET)
    __Vectors_End                            0x080000ec   Data           0  startup_stm32f103xb.o(RESET)
    __main                                   0x080000ed   Thumb Code     8  __main.o(!!!main)
    __scatterload                            0x080000f5   Thumb Code     0  __scatter.o(!!!scatter)
    __scatterload_rt2                        0x080000f5   Thumb Code    44  __scatter.o(!!!scatter)
    __scatterload_rt2_thumb_only             0x080000f5   Thumb Code     0  __scatter.o(!!!scatter)
    __scatterload_null                       0x08000103   Thumb Code     0  __scatter.o(!!!scatter)
    __scatterload_copy                       0x08000129   Thumb Code    26  __scatter_copy.o(!!handler_copy)
    __scatterload_zeroinit                   0x08000145   Thumb Code    28  __scatter_zi.o(!!handler_zi)
    _printf_f                                0x08000161   Thumb Code     0  _printf_f.o(.ARM.Collect$$_printf_percent$$00000003)
    _printf_percent                          0x08000161   Thumb Code     0  _printf_percent.o(.ARM.Collect$$_printf_percent$$00000000)
    _printf_d                                0x08000167   Thumb Code     0  _printf_d.o(.ARM.Collect$$_printf_percent$$00000009)
    _printf_percent_end                      0x0800016d   Thumb Code     0  _printf_percent_end.o(.ARM.Collect$$_printf_percent$$00000017)
    __rt_lib_init                            0x08000171   Thumb Code     0  libinit.o(.ARM.Collect$$libinit$$00000000)
    __rt_lib_init_fp_1                       0x08000173   Thumb Code     0  libinit2.o(.ARM.Collect$$libinit$$00000002)
    __rt_lib_init_heap_1                     0x08000173   Thumb Code     0  libinit2.o(.ARM.Collect$$libinit$$0000000A)
    __rt_lib_init_lc_common                  0x08000173   Thumb Code     0  libinit2.o(.ARM.Collect$$libinit$$0000000F)
    __rt_lib_init_preinit_1                  0x08000173   Thumb Code     0  libinit2.o(.ARM.Collect$$libinit$$00000004)
    __rt_lib_init_rand_1                     0x08000173   Thumb Code     0  libinit2.o(.ARM.Collect$$libinit$$0000000E)
    __rt_lib_init_user_alloc_1               0x08000173   Thumb Code     0  libinit2.o(.ARM.Collect$$libinit$$0000000C)
    __rt_lib_init_lc_collate_1               0x08000179   Thumb Code     0  libinit2.o(.ARM.Collect$$libinit$$00000011)
    __rt_lib_init_lc_ctype_1                 0x08000179   Thumb Code     0  libinit2.o(.ARM.Collect$$libinit$$00000013)
    __rt_lib_init_lc_monetary_1              0x08000179   Thumb Code     0  libinit2.o(.ARM.Collect$$libinit$$00000015)
    __rt_lib_init_lc_numeric_2               0x08000179   Thumb Code     0  libinit2.o(.ARM.Collect$$libinit$$00000016)
    __rt_lib_init_alloca_1                   0x08000183   Thumb Code     0  libinit2.o(.ARM.Collect$$libinit$$0000002E)
    __rt_lib_init_argv_1                     0x08000183   Thumb Code     0  libinit2.o(.ARM.Collect$$libinit$$0000002C)
    __rt_lib_init_atexit_1                   0x08000183   Thumb Code     0  libinit2.o(.ARM.Collect$$libinit$$0000001B)
    __rt_lib_init_clock_1                    0x08000183   Thumb Code     0  libinit2.o(.ARM.Collect$$libinit$$00000021)
    __rt_lib_init_cpp_1                      0x08000183   Thumb Code     0  libinit2.o(.ARM.Collect$$libinit$$00000032)
    __rt_lib_init_exceptions_1               0x08000183   Thumb Code     0  libinit2.o(.ARM.Collect$$libinit$$00000030)
    __rt_lib_init_fp_trap_1                  0x08000183   Thumb Code     0  libinit2.o(.ARM.Collect$$libinit$$0000001F)
    __rt_lib_init_getenv_1                   0x08000183   Thumb Code     0  libinit2.o(.ARM.Collect$$libinit$$00000023)
    __rt_lib_init_lc_numeric_1               0x08000183   Thumb Code     0  libinit2.o(.ARM.Collect$$libinit$$00000017)
    __rt_lib_init_lc_time_1                  0x08000183   Thumb Code     0  libinit2.o(.ARM.Collect$$libinit$$00000019)
    __rt_lib_init_return                     0x08000183   Thumb Code     0  libinit2.o(.ARM.Collect$$libinit$$00000033)
    __rt_lib_init_signal_1                   0x08000183   Thumb Code     0  libinit2.o(.ARM.Collect$$libinit$$0000001D)
    __rt_lib_init_stdio_1                    0x08000183   Thumb Code     0  libinit2.o(.ARM.Collect$$libinit$$00000025)
    __rt_lib_shutdown                        0x08000185   Thumb Code     0  libshutdown.o(.ARM.Collect$$libshutdown$$00000000)
    __rt_lib_shutdown_cpp_1                  0x08000187   Thumb Code     0  libshutdown2.o(.ARM.Collect$$libshutdown$$00000002)
    __rt_lib_shutdown_fp_trap_1              0x08000187   Thumb Code     0  libshutdown2.o(.ARM.Collect$$libshutdown$$00000007)
    __rt_lib_shutdown_heap_1                 0x08000187   Thumb Code     0  libshutdown2.o(.ARM.Collect$$libshutdown$$0000000F)
    __rt_lib_shutdown_return                 0x08000187   Thumb Code     0  libshutdown2.o(.ARM.Collect$$libshutdown$$00000010)
    __rt_lib_shutdown_signal_1               0x08000187   Thumb Code     0  libshutdown2.o(.ARM.Collect$$libshutdown$$0000000A)
    __rt_lib_shutdown_stdio_1                0x08000187   Thumb Code     0  libshutdown2.o(.ARM.Collect$$libshutdown$$00000004)
    __rt_lib_shutdown_user_alloc_1           0x08000187   Thumb Code     0  libshutdown2.o(.ARM.Collect$$libshutdown$$0000000C)
    __rt_entry                               0x08000189   Thumb Code     0  __rtentry.o(.ARM.Collect$$rtentry$$00000000)
    __rt_entry_presh_1                       0x08000189   Thumb Code     0  __rtentry2.o(.ARM.Collect$$rtentry$$00000002)
    __rt_entry_sh                            0x08000189   Thumb Code     0  __rtentry4.o(.ARM.Collect$$rtentry$$00000004)
    __rt_entry_li                            0x0800018f   Thumb Code     0  __rtentry2.o(.ARM.Collect$$rtentry$$0000000A)
    __rt_entry_postsh_1                      0x0800018f   Thumb Code     0  __rtentry2.o(.ARM.Collect$$rtentry$$00000009)
    __rt_entry_main                          0x08000193   Thumb Code     0  __rtentry2.o(.ARM.Collect$$rtentry$$0000000D)
    __rt_entry_postli_1                      0x08000193   Thumb Code     0  __rtentry2.o(.ARM.Collect$$rtentry$$0000000C)
    __rt_exit                                0x0800019b   Thumb Code     0  rtexit.o(.ARM.Collect$$rtexit$$00000000)
    __rt_exit_ls                             0x0800019d   Thumb Code     0  rtexit2.o(.ARM.Collect$$rtexit$$00000003)
    __rt_exit_prels_1                        0x0800019d   Thumb Code     0  rtexit2.o(.ARM.Collect$$rtexit$$00000002)
    __rt_exit_exit                           0x080001a1   Thumb Code     0  rtexit2.o(.ARM.Collect$$rtexit$$00000004)
    Reset_Handler                            0x080001a9   Thumb Code     8  startup_stm32f103xb.o(.text)
    ADC1_2_IRQHandler                        0x080001c3   Thumb Code     0  startup_stm32f103xb.o(.text)
    CAN1_RX1_IRQHandler                      0x080001c3   Thumb Code     0  startup_stm32f103xb.o(.text)
    CAN1_SCE_IRQHandler                      0x080001c3   Thumb Code     0  startup_stm32f103xb.o(.text)
    DMA1_Channel1_IRQHandler                 0x080001c3   Thumb Code     0  startup_stm32f103xb.o(.text)
    DMA1_Channel2_IRQHandler                 0x080001c3   Thumb Code     0  startup_stm32f103xb.o(.text)
    DMA1_Channel3_IRQHandler                 0x080001c3   Thumb Code     0  startup_stm32f103xb.o(.text)
    DMA1_Channel4_IRQHandler                 0x080001c3   Thumb Code     0  startup_stm32f103xb.o(.text)
    DMA1_Channel5_IRQHandler                 0x080001c3   Thumb Code     0  startup_stm32f103xb.o(.text)
    DMA1_Channel6_IRQHandler                 0x080001c3   Thumb Code     0  startup_stm32f103xb.o(.text)
    DMA1_Channel7_IRQHandler                 0x080001c3   Thumb Code     0  startup_stm32f103xb.o(.text)
    EXTI0_IRQHandler                         0x080001c3   Thumb Code     0  startup_stm32f103xb.o(.text)
    EXTI15_10_IRQHandler                     0x080001c3   Thumb Code     0  startup_stm32f103xb.o(.text)
    EXTI1_IRQHandler                         0x080001c3   Thumb Code     0  startup_stm32f103xb.o(.text)
    EXTI2_IRQHandler                         0x080001c3   Thumb Code     0  startup_stm32f103xb.o(.text)
    EXTI3_IRQHandler                         0x080001c3   Thumb Code     0  startup_stm32f103xb.o(.text)
    EXTI4_IRQHandler                         0x080001c3   Thumb Code     0  startup_stm32f103xb.o(.text)
    EXTI9_5_IRQHandler                       0x080001c3   Thumb Code     0  startup_stm32f103xb.o(.text)
    FLASH_IRQHandler                         0x080001c3   Thumb Code     0  startup_stm32f103xb.o(.text)
    I2C1_ER_IRQHandler                       0x080001c3   Thumb Code     0  startup_stm32f103xb.o(.text)
    I2C1_EV_IRQHandler                       0x080001c3   Thumb Code     0  startup_stm32f103xb.o(.text)
    I2C2_ER_IRQHandler                       0x080001c3   Thumb Code     0  startup_stm32f103xb.o(.text)
    I2C2_EV_IRQHandler                       0x080001c3   Thumb Code     0  startup_stm32f103xb.o(.text)
    PVD_IRQHandler                           0x080001c3   Thumb Code     0  startup_stm32f103xb.o(.text)
    RCC_IRQHandler                           0x080001c3   Thumb Code     0  startup_stm32f103xb.o(.text)
    RTC_Alarm_IRQHandler                     0x080001c3   Thumb Code     0  startup_stm32f103xb.o(.text)
    RTC_IRQHandler                           0x080001c3   Thumb Code     0  startup_stm32f103xb.o(.text)
    SPI1_IRQHandler                          0x080001c3   Thumb Code     0  startup_stm32f103xb.o(.text)
    SPI2_IRQHandler                          0x080001c3   Thumb Code     0  startup_stm32f103xb.o(.text)
    TAMPER_IRQHandler                        0x080001c3   Thumb Code     0  startup_stm32f103xb.o(.text)
    TIM1_BRK_IRQHandler                      0x080001c3   Thumb Code     0  startup_stm32f103xb.o(.text)
    TIM1_CC_IRQHandler                       0x080001c3   Thumb Code     0  startup_stm32f103xb.o(.text)
    TIM1_TRG_COM_IRQHandler                  0x080001c3   Thumb Code     0  startup_stm32f103xb.o(.text)
    TIM1_UP_IRQHandler                       0x080001c3   Thumb Code     0  startup_stm32f103xb.o(.text)
    TIM4_IRQHandler                          0x080001c3   Thumb Code     0  startup_stm32f103xb.o(.text)
    USART2_IRQHandler                        0x080001c3   Thumb Code     0  startup_stm32f103xb.o(.text)
    USART3_IRQHandler                        0x080001c3   Thumb Code     0  startup_stm32f103xb.o(.text)
    USBWakeUp_IRQHandler                     0x080001c3   Thumb Code     0  startup_stm32f103xb.o(.text)
    USB_HP_CAN1_TX_IRQHandler                0x080001c3   Thumb Code     0  startup_stm32f103xb.o(.text)
    USB_LP_CAN1_RX0_IRQHandler               0x080001c3   Thumb Code     0  startup_stm32f103xb.o(.text)
    WWDG_IRQHandler                          0x080001c3   Thumb Code     0  startup_stm32f103xb.o(.text)
    __user_initial_stackheap                 0x080001c5   Thumb Code     0  startup_stm32f103xb.o(.text)
    __use_no_semihosting                     0x080001e9   Thumb Code     2  use_no_semi_2.o(.text)
    __2printf                                0x080001ed   Thumb Code    20  noretval__2printf.o(.text)
    _printf_pre_padding                      0x08000205   Thumb Code    44  _printf_pad.o(.text)
    _printf_post_padding                     0x08000231   Thumb Code    34  _printf_pad.o(.text)
    _printf_int_dec                          0x08000255   Thumb Code   104  _printf_dec.o(.text)
    __printf                                 0x080002cd   Thumb Code   270  __printf_wp.o(.text)
    __use_two_region_memory                  0x080003db   Thumb Code     2  heapauxi.o(.text)
    __rt_heap_escrow$2region                 0x080003dd   Thumb Code     2  heapauxi.o(.text)
    __rt_heap_expand$2region                 0x080003df   Thumb Code     2  heapauxi.o(.text)
    __I$use$semihosting                      0x080003e1   Thumb Code     0  use_no_semi.o(.text)
    __use_no_semihosting_swi                 0x080003e1   Thumb Code     2  use_no_semi.o(.text)
    _printf_int_common                       0x080003e3   Thumb Code   178  _printf_intcommon.o(.text)
    __lib_sel_fp_printf                      0x08000495   Thumb Code     2  _printf_fp_dec.o(.text)
    _printf_fp_dec_real                      0x08000643   Thumb Code   620  _printf_fp_dec.o(.text)
    _printf_char_file                        0x080008b1   Thumb Code    32  _printf_char_file.o(.text)
    __rt_locale                              0x080008d5   Thumb Code     8  rt_locale_intlibspace.o(.text)
    _ll_udiv10                               0x080008dd   Thumb Code   138  lludiv10.o(.text)
    _printf_char_common                      0x08000973   Thumb Code    32  _printf_char_common.o(.text)
    _printf_fp_infnan                        0x08000999   Thumb Code   112  _printf_fp_infnan.o(.text)
    _btod_etento                             0x08000a19   Thumb Code   216  bigflt0.o(.text)
    ferror                                   0x08000af5   Thumb Code     8  ferror.o(.text)
    __user_libspace                          0x08000afd   Thumb Code     8  libspace.o(.text)
    __user_perproc_libspace                  0x08000afd   Thumb Code     0  libspace.o(.text)
    __user_perthread_libspace                0x08000afd   Thumb Code     0  libspace.o(.text)
    __user_setup_stackheap                   0x08000b05   Thumb Code    74  sys_stackheap_outer.o(.text)
    exit                                     0x08000b4f   Thumb Code    18  exit.o(.text)
    strcmp                                   0x08000b61   Thumb Code   128  strcmpv7m.o(.text)
    _btod_d2e                                0x08000be1   Thumb Code    62  btod.o(CL$$btod_d2e)
    _d2e_denorm_low                          0x08000c1f   Thumb Code    70  btod.o(CL$$btod_d2e_denorm_low)
    _d2e_norm_op1                            0x08000c65   Thumb Code    96  btod.o(CL$$btod_d2e_norm_op1)
    __btod_div_common                        0x08000cc5   Thumb Code   696  btod.o(CL$$btod_div_common)
    _e2e                                     0x08000ffd   Thumb Code   198  btod.o(CL$$btod_e2e)
    _btod_ediv                               0x080010c3   Thumb Code    40  btod.o(CL$$btod_ediv)
    _btod_emul                               0x080010eb   Thumb Code    40  btod.o(CL$$btod_emul)
    __btod_mult_common                       0x08001113   Thumb Code   580  btod.o(CL$$btod_mult_common)
    ADC_ConversionStop_Disable               0x08001357   Thumb Code    82  stm32f1xx_hal_adc.o(i.ADC_ConversionStop_Disable)
    ADC_Enable                               0x080013a9   Thumb Code   122  stm32f1xx_hal_adc.o(i.ADC_Enable)
    Adc_Init                                 0x0800142d   Thumb Code    62  adc.o(i.Adc_Init)
    BusFault_Handler                         0x08001475   Thumb Code     4  stm32f1xx_it.o(i.BusFault_Handler)
    DHT11_Check                              0x08001479   Thumb Code    92  dht11.o(i.DHT11_Check)
    DHT11_Read_Bit                           0x080014dd   Thumb Code    70  dht11.o(i.DHT11_Read_Bit)
    DHT11_Read_Byte                          0x08001529   Thumb Code    30  dht11.o(i.DHT11_Read_Byte)
    DHT11_Read_Data                          0x08001547   Thumb Code    88  dht11.o(i.DHT11_Read_Data)
    DHT11_Rst                                0x080015a1   Thumb Code    52  dht11.o(i.DHT11_Rst)
    DebugMon_Handler                         0x080015e1   Thumb Code     2  stm32f1xx_it.o(i.DebugMon_Handler)
    Get_Adc                                  0x080015e5   Thumb Code    46  adc.o(i.Get_Adc)
    Get_Adc_Average                          0x08001619   Thumb Code    40  adc.o(i.Get_Adc_Average)
    HAL_ADCEx_Calibration_Start              0x08001641   Thumb Code   256  stm32f1xx_hal_adc_ex.o(i.HAL_ADCEx_Calibration_Start)
    HAL_ADC_ConfigChannel                    0x08001745   Thumb Code   338  stm32f1xx_hal_adc.o(i.HAL_ADC_ConfigChannel)
    HAL_ADC_GetValue                         0x080018a5   Thumb Code     8  stm32f1xx_hal_adc.o(i.HAL_ADC_GetValue)
    HAL_ADC_Init                             0x080018ad   Thumb Code   314  stm32f1xx_hal_adc.o(i.HAL_ADC_Init)
    HAL_ADC_MspInit                          0x080019f1   Thumb Code    84  adc.o(i.HAL_ADC_MspInit)
    HAL_ADC_PollForConversion                0x08001a4d   Thumb Code   350  stm32f1xx_hal_adc.o(i.HAL_ADC_PollForConversion)
    HAL_ADC_Start                            0x08001bbd   Thumb Code   294  stm32f1xx_hal_adc.o(i.HAL_ADC_Start)
    HAL_DMA_Abort_IT                         0x08001ced   Thumb Code   172  stm32f1xx_hal_dma.o(i.HAL_DMA_Abort_IT)
    HAL_GPIO_Init                            0x08001d9d   Thumb Code   764  stm32f1xx_hal_gpio.o(i.HAL_GPIO_Init)
    HAL_GPIO_WritePin                        0x080020b9   Thumb Code    12  stm32f1xx_hal_gpio.o(i.HAL_GPIO_WritePin)
    HAL_GetTick                              0x080020c5   Thumb Code     6  stm32f1xx_hal.o(i.HAL_GetTick)
    HAL_IncTick                              0x080020d1   Thumb Code    12  stm32f1xx_hal.o(i.HAL_IncTick)
    HAL_Init                                 0x080020e1   Thumb Code    34  stm32f1xx_hal.o(i.HAL_Init)
    HAL_InitTick                             0x08002109   Thumb Code    36  stm32f1xx_hal.o(i.HAL_InitTick)
    HAL_MspInit                              0x08002131   Thumb Code     2  stm32f1xx_hal_msp.o(i.HAL_MspInit)
    HAL_NVIC_EnableIRQ                       0x08002133   Thumb Code    26  stm32f1xx_hal_cortex.o(i.HAL_NVIC_EnableIRQ)
    HAL_NVIC_SetPriority                     0x0800214d   Thumb Code   124  stm32f1xx_hal_cortex.o(i.HAL_NVIC_SetPriority)
    HAL_NVIC_SetPriorityGrouping             0x080021c9   Thumb Code    32  stm32f1xx_hal_cortex.o(i.HAL_NVIC_SetPriorityGrouping)
    HAL_RCCEx_GetPeriphCLKFreq               0x080021f1   Thumb Code   254  stm32f1xx_hal_rcc_ex.o(i.HAL_RCCEx_GetPeriphCLKFreq)
    HAL_RCCEx_PeriphCLKConfig                0x08002311   Thumb Code   290  stm32f1xx_hal_rcc_ex.o(i.HAL_RCCEx_PeriphCLKConfig)
    HAL_RCC_ClockConfig                      0x08002441   Thumb Code   402  stm32f1xx_hal_rcc.o(i.HAL_RCC_ClockConfig)
    HAL_RCC_GetHCLKFreq                      0x080025e5   Thumb Code     6  stm32f1xx_hal_rcc.o(i.HAL_RCC_GetHCLKFreq)
    HAL_RCC_GetPCLK1Freq                     0x080025f1   Thumb Code    22  stm32f1xx_hal_rcc.o(i.HAL_RCC_GetPCLK1Freq)
    HAL_RCC_GetPCLK2Freq                     0x08002611   Thumb Code    22  stm32f1xx_hal_rcc.o(i.HAL_RCC_GetPCLK2Freq)
    HAL_RCC_GetSysClockFreq                  0x08002631   Thumb Code   118  stm32f1xx_hal_rcc.o(i.HAL_RCC_GetSysClockFreq)
    HAL_RCC_OscConfig                        0x080026c9   Thumb Code  1078  stm32f1xx_hal_rcc.o(i.HAL_RCC_OscConfig)
    HAL_SYSTICK_CLKSourceConfig              0x08002b09   Thumb Code    40  stm32f1xx_hal_cortex.o(i.HAL_SYSTICK_CLKSourceConfig)
    HAL_SYSTICK_Config                       0x08002b31   Thumb Code    52  stm32f1xx_hal_cortex.o(i.HAL_SYSTICK_Config)
    HAL_TIMEx_BreakCallback                  0x08002b65   Thumb Code     2  stm32f1xx_hal_tim_ex.o(i.HAL_TIMEx_BreakCallback)
    HAL_TIMEx_CommutationCallback            0x08002b67   Thumb Code     2  stm32f1xx_hal_tim_ex.o(i.HAL_TIMEx_CommutationCallback)
    HAL_TIM_Base_Init                        0x08002b69   Thumb Code    52  stm32f1xx_hal_tim.o(i.HAL_TIM_Base_Init)
    HAL_TIM_Base_MspInit                     0x08002b9d   Thumb Code   110  timer.o(i.HAL_TIM_Base_MspInit)
    HAL_TIM_Base_Start_IT                    0x08002c15   Thumb Code    30  stm32f1xx_hal_tim.o(i.HAL_TIM_Base_Start_IT)
    HAL_TIM_IC_CaptureCallback               0x08002c33   Thumb Code     2  stm32f1xx_hal_tim.o(i.HAL_TIM_IC_CaptureCallback)
    HAL_TIM_IRQHandler                       0x08002c35   Thumb Code   406  stm32f1xx_hal_tim.o(i.HAL_TIM_IRQHandler)
    HAL_TIM_OC_DelayElapsedCallback          0x08002dcb   Thumb Code     2  stm32f1xx_hal_tim.o(i.HAL_TIM_OC_DelayElapsedCallback)
    HAL_TIM_PWM_PulseFinishedCallback        0x08002dcd   Thumb Code     2  stm32f1xx_hal_tim.o(i.HAL_TIM_PWM_PulseFinishedCallback)
    HAL_TIM_PeriodElapsedCallback            0x08002dd1   Thumb Code   564  main.o(i.HAL_TIM_PeriodElapsedCallback)
    HAL_TIM_TriggerCallback                  0x08003055   Thumb Code     2  stm32f1xx_hal_tim.o(i.HAL_TIM_TriggerCallback)
    HAL_UART_ErrorCallback                   0x08003057   Thumb Code     2  stm32f1xx_hal_uart.o(i.HAL_UART_ErrorCallback)
    HAL_UART_GetState                        0x08003059   Thumb Code    20  stm32f1xx_hal_uart.o(i.HAL_UART_GetState)
    HAL_UART_IRQHandler                      0x0800306d   Thumb Code   326  stm32f1xx_hal_uart.o(i.HAL_UART_IRQHandler)
    HAL_UART_Init                            0x080031b9   Thumb Code   114  stm32f1xx_hal_uart.o(i.HAL_UART_Init)
    HAL_UART_MspInit                         0x0800322d   Thumb Code   156  usart.o(i.HAL_UART_MspInit)
    HAL_UART_Receive_IT                      0x080032d5   Thumb Code   112  stm32f1xx_hal_uart.o(i.HAL_UART_Receive_IT)
    HAL_UART_RxCpltCallback                  0x08003345   Thumb Code   120  usart.o(i.HAL_UART_RxCpltCallback)
    HAL_UART_TxCpltCallback                  0x080033cd   Thumb Code     2  stm32f1xx_hal_uart.o(i.HAL_UART_TxCpltCallback)
    HardFault_Handler                        0x080033cf   Thumb Code     4  stm32f1xx_it.o(i.HardFault_Handler)
    LED_Init                                 0x080033d5   Thumb Code    68  led.o(i.LED_Init)
    LED_Refresh                              0x08003421   Thumb Code    24  smg.o(i.LED_Refresh)
    LED_SMG_Init                             0x08003441   Thumb Code   216  smg.o(i.LED_SMG_Init)
    LED_Wei                                  0x08003529   Thumb Code    30  smg.o(i.LED_Wei)
    LED_Write_Data                           0x08003551   Thumb Code    60  smg.o(i.LED_Write_Data)
    MemManage_Handler                        0x08003595   Thumb Code     4  stm32f1xx_it.o(i.MemManage_Handler)
    NMI_Handler                              0x08003599   Thumb Code     2  stm32f1xx_it.o(i.NMI_Handler)
    PendSV_Handler                           0x080035d5   Thumb Code     2  stm32f1xx_it.o(i.PendSV_Handler)
    SVC_Handler                              0x08003601   Thumb Code     2  stm32f1xx_it.o(i.SVC_Handler)
    Stm32_Clock_Init                         0x08003603   Thumb Code    86  sys.o(i.Stm32_Clock_Init)
    SysTick_Handler                          0x08003659   Thumb Code     8  stm32f1xx_it.o(i.SysTick_Handler)
    SystemInit                               0x08003661   Thumb Code    70  system_stm32f1xx.o(i.SystemInit)
    TIM2_IRQHandler                          0x080036b9   Thumb Code    10  timer.o(i.TIM2_IRQHandler)
    TIM2_Init                                0x080036c9   Thumb Code    42  timer.o(i.TIM2_Init)
    TIM3_IRQHandler                          0x080036f9   Thumb Code    10  timer.o(i.TIM3_IRQHandler)
    TIM3_Init                                0x08003709   Thumb Code    40  timer.o(i.TIM3_Init)
    TIM_Base_SetConfig                       0x08003739   Thumb Code   102  stm32f1xx_hal_tim.o(i.TIM_Base_SetConfig)
    USART1_IRQHandler                        0x08003ad9   Thumb Code    56  usart.o(i.USART1_IRQHandler)
    UsageFault_Handler                       0x08003b19   Thumb Code     4  stm32f1xx_it.o(i.UsageFault_Handler)
    __ARM_fpclassify                         0x08003b1d   Thumb Code    40  fpclassify.o(i.__ARM_fpclassify)
    _is_digit                                0x08003b45   Thumb Code    14  __printf_wp.o(i._is_digit)
    _sys_exit                                0x08003b53   Thumb Code     4  usart.o(i._sys_exit)
    delay_init                               0x08003b59   Thumb Code    16  delay.o(i.delay_init)
    delay_ms                                 0x08003b6d   Thumb Code    24  delay.o(i.delay_ms)
    delay_us                                 0x08003b85   Thumb Code    68  delay.o(i.delay_us)
    fputc                                    0x08003bcd   Thumb Code    24  usart.o(i.fputc)
    main                                     0x08003be9   Thumb Code   140  main.o(i.main)
    uart_init                                0x08003c85   Thumb Code    44  usart.o(i.uart_init)
    _get_lc_numeric                          0x08003cbd   Thumb Code    44  lc_numeric_c.o(locale$$code)
    __aeabi_d2f                              0x08003ce9   Thumb Code     0  d2f.o(x$fpl$d2f)
    _d2f                                     0x08003ce9   Thumb Code    98  d2f.o(x$fpl$d2f)
    __aeabi_dmul                             0x08003d4d   Thumb Code     0  dmul.o(x$fpl$dmul)
    _dmul                                    0x08003d4d   Thumb Code   332  dmul.o(x$fpl$dmul)
    __fpl_dnaninf                            0x08003ea1   Thumb Code   156  dnaninf.o(x$fpl$dnaninf)
    __fpl_dretinf                            0x08003f3d   Thumb Code    12  dretinf.o(x$fpl$dretinf)
    __aeabi_f2d                              0x08003f49   Thumb Code     0  f2d.o(x$fpl$f2d)
    _f2d                                     0x08003f49   Thumb Code    86  f2d.o(x$fpl$f2d)
    __aeabi_fadd                             0x08003fa1   Thumb Code     0  faddsub_clz.o(x$fpl$fadd)
    _fadd                                    0x08003fa1   Thumb Code   196  faddsub_clz.o(x$fpl$fadd)
    __aeabi_fdiv                             0x08004065   Thumb Code     0  fdiv.o(x$fpl$fdiv)
    _fdiv                                    0x08004065   Thumb Code   384  fdiv.o(x$fpl$fdiv)
    __aeabi_f2uiz                            0x080041e9   Thumb Code     0  ffixu.o(x$fpl$ffixu)
    _ffixu                                   0x080041e9   Thumb Code    62  ffixu.o(x$fpl$ffixu)
    __aeabi_ui2f                             0x08004229   Thumb Code     0  fflt_clz.o(x$fpl$ffltu)
    _ffltu                                   0x08004229   Thumb Code    38  fflt_clz.o(x$fpl$ffltu)
    __aeabi_fmul                             0x08004251   Thumb Code     0  fmul.o(x$fpl$fmul)
    _fmul                                    0x08004251   Thumb Code   258  fmul.o(x$fpl$fmul)
    __fpl_fnaninf                            0x08004353   Thumb Code   140  fnaninf.o(x$fpl$fnaninf)
    __fpl_fretinf                            0x080043df   Thumb Code    10  fretinf.o(x$fpl$fretinf)
    __aeabi_frsub                            0x080043e9   Thumb Code     0  faddsub_clz.o(x$fpl$frsb)
    _frsb                                    0x080043e9   Thumb Code    20  faddsub_clz.o(x$fpl$frsb)
    __aeabi_fsub                             0x080043fd   Thumb Code     0  faddsub_clz.o(x$fpl$fsub)
    _fsub                                    0x080043fd   Thumb Code   234  faddsub_clz.o(x$fpl$fsub)
    _printf_fp_dec                           0x080044e7   Thumb Code     4  printf1.o(x$fpl$printf1)
    AHBPrescTable                            0x080044ea   Data          16  system_stm32f1xx.o(.constdata)
    __I$use$fp                               0x080044ea   Number         0  usenofp.o(x$fpl$usenofp)
    APBPrescTable                            0x080044fa   Data           8  system_stm32f1xx.o(.constdata)
    Region$$Table$$Base                      0x08004598   Number         0  anon$$obj.o(Region$$Table)
    Region$$Table$$Limit                     0x080045b8   Number         0  anon$$obj.o(Region$$Table)
    smg_num                                  0x20000000   Data          18  main.o(.data)
    dht11_t                                  0x20000012   Data           2  main.o(.data)
    temperature                              0x20000014   Data           1  main.o(.data)
    humidity                                 0x20000015   Data           1  main.o(.data)
    num                                      0x20000020   Data           1  main.o(.data)
    smg_wei                                  0x20000021   Data           1  main.o(.data)
    adc_t                                    0x20000022   Data           1  main.o(.data)
    led_t                                    0x20000023   Data           1  main.o(.data)
    SystemCoreClock                          0x20000028   Data           4  system_stm32f1xx.o(.data)
    __stdout                                 0x20000030   Data           4  usart.o(.data)
    USART_RX_STA                             0x20000034   Data           2  usart.o(.data)
    aRxBuffer                                0x20000036   Data           1  usart.o(.data)
    uwTick                                   0x20000038   Data           4  stm32f1xx_hal.o(.data)
    USART_RX_BUF                             0x2000003c   Data         200  usart.o(.bss)
    UART1_Handler                            0x20000104   Data          64  usart.o(.bss)
    TIM3_Handler                             0x20000144   Data          64  timer.o(.bss)
    TIM2_Handler                             0x20000184   Data          64  timer.o(.bss)
    ADC1_Handler                             0x200001c4   Data          48  adc.o(.bss)
    __libspace_start                         0x200001f4   Data          96  libspace.o(.bss)
    __temporary_stack_top$libspace           0x20000254   Data           0  libspace.o(.bss)



==============================================================================

Memory Map of the image

  Image Entry point : 0x080000ed

  Load Region LR_IROM1 (Base: 0x08000000, Size: 0x00004610, Max: 0x00020000, ABSOLUTE)

    Execution Region ER_IROM1 (Base: 0x08000000, Size: 0x000045d4, Max: 0x00020000, ABSOLUTE)

    Base Addr    Size         Type   Attr      Idx    E Section Name        Object

    0x08000000   0x000000ec   Data   RO          579    RESET               startup_stm32f103xb.o
    0x080000ec   0x00000008   Code   RO         3317  * !!!main             c_w.l(__main.o)
    0x080000f4   0x00000034   Code   RO         3569    !!!scatter          c_w.l(__scatter.o)
    0x08000128   0x0000001a   Code   RO         3571    !!handler_copy      c_w.l(__scatter_copy.o)
    0x08000142   0x00000002   PAD
    0x08000144   0x0000001c   Code   RO         3573    !!handler_zi        c_w.l(__scatter_zi.o)
    0x08000160   0x00000000   Code   RO         3314    .ARM.Collect$$_printf_percent$$00000000  c_w.l(_printf_percent.o)
    0x08000160   0x00000006   Code   RO         3313    .ARM.Collect$$_printf_percent$$00000003  c_w.l(_printf_f.o)
    0x08000166   0x00000006   Code   RO         3312    .ARM.Collect$$_printf_percent$$00000009  c_w.l(_printf_d.o)
    0x0800016c   0x00000004   Code   RO         3358    .ARM.Collect$$_printf_percent$$00000017  c_w.l(_printf_percent_end.o)
    0x08000170   0x00000002   Code   RO         3446    .ARM.Collect$$libinit$$00000000  c_w.l(libinit.o)
    0x08000172   0x00000000   Code   RO         3448    .ARM.Collect$$libinit$$00000002  c_w.l(libinit2.o)
    0x08000172   0x00000000   Code   RO         3450    .ARM.Collect$$libinit$$00000004  c_w.l(libinit2.o)
    0x08000172   0x00000000   Code   RO         3453    .ARM.Collect$$libinit$$0000000A  c_w.l(libinit2.o)
    0x08000172   0x00000000   Code   RO         3455    .ARM.Collect$$libinit$$0000000C  c_w.l(libinit2.o)
    0x08000172   0x00000000   Code   RO         3457    .ARM.Collect$$libinit$$0000000E  c_w.l(libinit2.o)
    0x08000172   0x00000006   Code   RO         3458    .ARM.Collect$$libinit$$0000000F  c_w.l(libinit2.o)
    0x08000178   0x00000000   Code   RO         3460    .ARM.Collect$$libinit$$00000011  c_w.l(libinit2.o)
    0x08000178   0x00000000   Code   RO         3462    .ARM.Collect$$libinit$$00000013  c_w.l(libinit2.o)
    0x08000178   0x00000000   Code   RO         3464    .ARM.Collect$$libinit$$00000015  c_w.l(libinit2.o)
    0x08000178   0x0000000a   Code   RO         3465    .ARM.Collect$$libinit$$00000016  c_w.l(libinit2.o)
    0x08000182   0x00000000   Code   RO         3466    .ARM.Collect$$libinit$$00000017  c_w.l(libinit2.o)
    0x08000182   0x00000000   Code   RO         3468    .ARM.Collect$$libinit$$00000019  c_w.l(libinit2.o)
    0x08000182   0x00000000   Code   RO         3470    .ARM.Collect$$libinit$$0000001B  c_w.l(libinit2.o)
    0x08000182   0x00000000   Code   RO         3472    .ARM.Collect$$libinit$$0000001D  c_w.l(libinit2.o)
    0x08000182   0x00000000   Code   RO         3474    .ARM.Collect$$libinit$$0000001F  c_w.l(libinit2.o)
    0x08000182   0x00000000   Code   RO         3476    .ARM.Collect$$libinit$$00000021  c_w.l(libinit2.o)
    0x08000182   0x00000000   Code   RO         3478    .ARM.Collect$$libinit$$00000023  c_w.l(libinit2.o)
    0x08000182   0x00000000   Code   RO         3480    .ARM.Collect$$libinit$$00000025  c_w.l(libinit2.o)
    0x08000182   0x00000000   Code   RO         3484    .ARM.Collect$$libinit$$0000002C  c_w.l(libinit2.o)
    0x08000182   0x00000000   Code   RO         3486    .ARM.Collect$$libinit$$0000002E  c_w.l(libinit2.o)
    0x08000182   0x00000000   Code   RO         3488    .ARM.Collect$$libinit$$00000030  c_w.l(libinit2.o)
    0x08000182   0x00000000   Code   RO         3490    .ARM.Collect$$libinit$$00000032  c_w.l(libinit2.o)
    0x08000182   0x00000002   Code   RO         3491    .ARM.Collect$$libinit$$00000033  c_w.l(libinit2.o)
    0x08000184   0x00000002   Code   RO         3519    .ARM.Collect$$libshutdown$$00000000  c_w.l(libshutdown.o)
    0x08000186   0x00000000   Code   RO         3528    .ARM.Collect$$libshutdown$$00000002  c_w.l(libshutdown2.o)
    0x08000186   0x00000000   Code   RO         3530    .ARM.Collect$$libshutdown$$00000004  c_w.l(libshutdown2.o)
    0x08000186   0x00000000   Code   RO         3533    .ARM.Collect$$libshutdown$$00000007  c_w.l(libshutdown2.o)
    0x08000186   0x00000000   Code   RO         3536    .ARM.Collect$$libshutdown$$0000000A  c_w.l(libshutdown2.o)
    0x08000186   0x00000000   Code   RO         3538    .ARM.Collect$$libshutdown$$0000000C  c_w.l(libshutdown2.o)
    0x08000186   0x00000000   Code   RO         3541    .ARM.Collect$$libshutdown$$0000000F  c_w.l(libshutdown2.o)
    0x08000186   0x00000002   Code   RO         3542    .ARM.Collect$$libshutdown$$00000010  c_w.l(libshutdown2.o)
    0x08000188   0x00000000   Code   RO         3351    .ARM.Collect$$rtentry$$00000000  c_w.l(__rtentry.o)
    0x08000188   0x00000000   Code   RO         3369    .ARM.Collect$$rtentry$$00000002  c_w.l(__rtentry2.o)
    0x08000188   0x00000006   Code   RO         3381    .ARM.Collect$$rtentry$$00000004  c_w.l(__rtentry4.o)
    0x0800018e   0x00000000   Code   RO         3371    .ARM.Collect$$rtentry$$00000009  c_w.l(__rtentry2.o)
    0x0800018e   0x00000004   Code   RO         3372    .ARM.Collect$$rtentry$$0000000A  c_w.l(__rtentry2.o)
    0x08000192   0x00000000   Code   RO         3374    .ARM.Collect$$rtentry$$0000000C  c_w.l(__rtentry2.o)
    0x08000192   0x00000008   Code   RO         3375    .ARM.Collect$$rtentry$$0000000D  c_w.l(__rtentry2.o)
    0x0800019a   0x00000002   Code   RO         3492    .ARM.Collect$$rtexit$$00000000  c_w.l(rtexit.o)
    0x0800019c   0x00000000   Code   RO         3499    .ARM.Collect$$rtexit$$00000002  c_w.l(rtexit2.o)
    0x0800019c   0x00000004   Code   RO         3500    .ARM.Collect$$rtexit$$00000003  c_w.l(rtexit2.o)
    0x080001a0   0x00000006   Code   RO         3501    .ARM.Collect$$rtexit$$00000004  c_w.l(rtexit2.o)
    0x080001a6   0x00000002   PAD
    0x080001a8   0x00000040   Code   RO          580    .text               startup_stm32f103xb.o
    0x080001e8   0x00000002   Code   RO         3280    .text               c_w.l(use_no_semi_2.o)
    0x080001ea   0x00000002   PAD
    0x080001ec   0x00000018   Code   RO         3284    .text               c_w.l(noretval__2printf.o)
    0x08000204   0x0000004e   Code   RO         3288    .text               c_w.l(_printf_pad.o)
    0x08000252   0x00000002   PAD
    0x08000254   0x00000078   Code   RO         3290    .text               c_w.l(_printf_dec.o)
    0x080002cc   0x0000010e   Code   RO         3300    .text               c_w.l(__printf_wp.o)
    0x080003da   0x00000006   Code   RO         3315    .text               c_w.l(heapauxi.o)
    0x080003e0   0x00000002   Code   RO         3349    .text               c_w.l(use_no_semi.o)
    0x080003e2   0x000000b2   Code   RO         3352    .text               c_w.l(_printf_intcommon.o)
    0x08000494   0x0000041a   Code   RO         3354    .text               c_w.l(_printf_fp_dec.o)
    0x080008ae   0x00000002   PAD
    0x080008b0   0x00000024   Code   RO         3356    .text               c_w.l(_printf_char_file.o)
    0x080008d4   0x00000008   Code   RO         3386    .text               c_w.l(rt_locale_intlibspace.o)
    0x080008dc   0x0000008a   Code   RO         3388    .text               c_w.l(lludiv10.o)
    0x08000966   0x00000002   PAD
    0x08000968   0x00000030   Code   RO         3390    .text               c_w.l(_printf_char_common.o)
    0x08000998   0x00000080   Code   RO         3392    .text               c_w.l(_printf_fp_infnan.o)
    0x08000a18   0x000000dc   Code   RO         3394    .text               c_w.l(bigflt0.o)
    0x08000af4   0x00000008   Code   RO         3419    .text               c_w.l(ferror.o)
    0x08000afc   0x00000008   Code   RO         3430    .text               c_w.l(libspace.o)
    0x08000b04   0x0000004a   Code   RO         3433    .text               c_w.l(sys_stackheap_outer.o)
    0x08000b4e   0x00000012   Code   RO         3437    .text               c_w.l(exit.o)
    0x08000b60   0x00000080   Code   RO         3439    .text               c_w.l(strcmpv7m.o)
    0x08000be0   0x0000003e   Code   RO         3397    CL$$btod_d2e        c_w.l(btod.o)
    0x08000c1e   0x00000046   Code   RO         3399    CL$$btod_d2e_denorm_low  c_w.l(btod.o)
    0x08000c64   0x00000060   Code   RO         3398    CL$$btod_d2e_norm_op1  c_w.l(btod.o)
    0x08000cc4   0x00000338   Code   RO         3407    CL$$btod_div_common  c_w.l(btod.o)
    0x08000ffc   0x000000c6   Code   RO         3404    CL$$btod_e2e        c_w.l(btod.o)
    0x080010c2   0x00000028   Code   RO         3401    CL$$btod_ediv       c_w.l(btod.o)
    0x080010ea   0x00000028   Code   RO         3400    CL$$btod_emul       c_w.l(btod.o)
    0x08001112   0x00000244   Code   RO         3406    CL$$btod_mult_common  c_w.l(btod.o)
    0x08001356   0x00000052   Code   RO         1912    i.ADC_ConversionStop_Disable  stm32f1xx_hal_adc.o
    0x080013a8   0x00000084   Code   RO         1916    i.ADC_Enable        stm32f1xx_hal_adc.o
    0x0800142c   0x00000048   Code   RO         3182    i.Adc_Init          adc.o
    0x08001474   0x00000004   Code   RO          264    i.BusFault_Handler  stm32f1xx_it.o
    0x08001478   0x00000064   Code   RO         3227    i.DHT11_Check       dht11.o
    0x080014dc   0x0000004c   Code   RO         3229    i.DHT11_Read_Bit    dht11.o
    0x08001528   0x0000001e   Code   RO         3230    i.DHT11_Read_Byte   dht11.o
    0x08001546   0x00000058   Code   RO         3231    i.DHT11_Read_Data   dht11.o
    0x0800159e   0x00000002   PAD
    0x080015a0   0x00000040   Code   RO         3232    i.DHT11_Rst         dht11.o
    0x080015e0   0x00000002   Code   RO          265    i.DebugMon_Handler  stm32f1xx_it.o
    0x080015e2   0x00000002   PAD
    0x080015e4   0x00000034   Code   RO         3183    i.Get_Adc           adc.o
    0x08001618   0x00000028   Code   RO         3184    i.Get_Adc_Average   adc.o
    0x08001640   0x00000104   Code   RO         2092    i.HAL_ADCEx_Calibration_Start  stm32f1xx_hal_adc_ex.o
    0x08001744   0x00000160   Code   RO         1918    i.HAL_ADC_ConfigChannel  stm32f1xx_hal_adc.o
    0x080018a4   0x00000008   Code   RO         1925    i.HAL_ADC_GetValue  stm32f1xx_hal_adc.o
    0x080018ac   0x00000144   Code   RO         1927    i.HAL_ADC_Init      stm32f1xx_hal_adc.o
    0x080019f0   0x0000005c   Code   RO         3185    i.HAL_ADC_MspInit   adc.o
    0x08001a4c   0x00000170   Code   RO         1931    i.HAL_ADC_PollForConversion  stm32f1xx_hal_adc.o
    0x08001bbc   0x00000130   Code   RO         1933    i.HAL_ADC_Start     stm32f1xx_hal_adc.o
    0x08001cec   0x000000b0   Code   RO          852    i.HAL_DMA_Abort_IT  stm32f1xx_hal_dma.o
    0x08001d9c   0x0000031c   Code   RO          948    i.HAL_GPIO_Init     stm32f1xx_hal_gpio.o
    0x080020b8   0x0000000c   Code   RO          952    i.HAL_GPIO_WritePin  stm32f1xx_hal_gpio.o
    0x080020c4   0x0000000c   Code   RO          598    i.HAL_GetTick       stm32f1xx_hal.o
    0x080020d0   0x00000010   Code   RO          600    i.HAL_IncTick       stm32f1xx_hal.o
    0x080020e0   0x00000028   Code   RO          601    i.HAL_Init          stm32f1xx_hal.o
    0x08002108   0x00000028   Code   RO          602    i.HAL_InitTick      stm32f1xx_hal.o
    0x08002130   0x00000002   Code   RO          232    i.HAL_MspInit       stm32f1xx_hal_msp.o
    0x08002132   0x0000001a   Code   RO          730    i.HAL_NVIC_EnableIRQ  stm32f1xx_hal_cortex.o
    0x0800214c   0x0000007c   Code   RO          736    i.HAL_NVIC_SetPriority  stm32f1xx_hal_cortex.o
    0x080021c8   0x00000028   Code   RO          737    i.HAL_NVIC_SetPriorityGrouping  stm32f1xx_hal_cortex.o
    0x080021f0   0x00000120   Code   RO         1280    i.HAL_RCCEx_GetPeriphCLKFreq  stm32f1xx_hal_rcc_ex.o
    0x08002310   0x00000130   Code   RO         1281    i.HAL_RCCEx_PeriphCLKConfig  stm32f1xx_hal_rcc_ex.o
    0x08002440   0x000001a4   Code   RO         1173    i.HAL_RCC_ClockConfig  stm32f1xx_hal_rcc.o
    0x080025e4   0x0000000c   Code   RO         1178    i.HAL_RCC_GetHCLKFreq  stm32f1xx_hal_rcc.o
    0x080025f0   0x00000020   Code   RO         1180    i.HAL_RCC_GetPCLK1Freq  stm32f1xx_hal_rcc.o
    0x08002610   0x00000020   Code   RO         1181    i.HAL_RCC_GetPCLK2Freq  stm32f1xx_hal_rcc.o
    0x08002630   0x00000098   Code   RO         1182    i.HAL_RCC_GetSysClockFreq  stm32f1xx_hal_rcc.o
    0x080026c8   0x00000440   Code   RO         1185    i.HAL_RCC_OscConfig  stm32f1xx_hal_rcc.o
    0x08002b08   0x00000028   Code   RO          739    i.HAL_SYSTICK_CLKSourceConfig  stm32f1xx_hal_cortex.o
    0x08002b30   0x00000034   Code   RO          741    i.HAL_SYSTICK_Config  stm32f1xx_hal_cortex.o
    0x08002b64   0x00000002   Code   RO         2829    i.HAL_TIMEx_BreakCallback  stm32f1xx_hal_tim_ex.o
    0x08002b66   0x00000002   Code   RO         2830    i.HAL_TIMEx_CommutationCallback  stm32f1xx_hal_tim_ex.o
    0x08002b68   0x00000034   Code   RO         2190    i.HAL_TIM_Base_Init  stm32f1xx_hal_tim.o
    0x08002b9c   0x00000078   Code   RO         3128    i.HAL_TIM_Base_MspInit  timer.o
    0x08002c14   0x0000001e   Code   RO         2195    i.HAL_TIM_Base_Start_IT  stm32f1xx_hal_tim.o
    0x08002c32   0x00000002   Code   RO         2219    i.HAL_TIM_IC_CaptureCallback  stm32f1xx_hal_tim.o
    0x08002c34   0x00000196   Code   RO         2232    i.HAL_TIM_IRQHandler  stm32f1xx_hal_tim.o
    0x08002dca   0x00000002   Code   RO         2235    i.HAL_TIM_OC_DelayElapsedCallback  stm32f1xx_hal_tim.o
    0x08002dcc   0x00000002   Code   RO         2262    i.HAL_TIM_PWM_PulseFinishedCallback  stm32f1xx_hal_tim.o
    0x08002dce   0x00000002   PAD
    0x08002dd0   0x00000284   Code   RO            4    i.HAL_TIM_PeriodElapsedCallback  main.o
    0x08003054   0x00000002   Code   RO         2273    i.HAL_TIM_TriggerCallback  stm32f1xx_hal_tim.o
    0x08003056   0x00000002   Code   RO         1336    i.HAL_UART_ErrorCallback  stm32f1xx_hal_uart.o
    0x08003058   0x00000014   Code   RO         1338    i.HAL_UART_GetState  stm32f1xx_hal_uart.o
    0x0800306c   0x0000014c   Code   RO         1339    i.HAL_UART_IRQHandler  stm32f1xx_hal_uart.o
    0x080031b8   0x00000072   Code   RO         1340    i.HAL_UART_Init     stm32f1xx_hal_uart.o
    0x0800322a   0x00000002   PAD
    0x0800322c   0x000000a8   Code   RO          515    i.HAL_UART_MspInit  usart.o
    0x080032d4   0x00000070   Code   RO         1345    i.HAL_UART_Receive_IT  stm32f1xx_hal_uart.o
    0x08003344   0x00000088   Code   RO          516    i.HAL_UART_RxCpltCallback  usart.o
    0x080033cc   0x00000002   Code   RO         1351    i.HAL_UART_TxCpltCallback  stm32f1xx_hal_uart.o
    0x080033ce   0x00000004   Code   RO          266    i.HardFault_Handler  stm32f1xx_it.o
    0x080033d2   0x00000002   PAD
    0x080033d4   0x0000004c   Code   RO         3062    i.LED_Init          led.o
    0x08003420   0x00000020   Code   RO         3086    i.LED_Refresh       smg.o
    0x08003440   0x000000e8   Code   RO         3087    i.LED_SMG_Init      smg.o
    0x08003528   0x00000028   Code   RO         3088    i.LED_Wei           smg.o
    0x08003550   0x00000044   Code   RO         3089    i.LED_Write_Data    smg.o
    0x08003594   0x00000004   Code   RO          267    i.MemManage_Handler  stm32f1xx_it.o
    0x08003598   0x00000002   Code   RO          268    i.NMI_Handler       stm32f1xx_it.o
    0x0800359a   0x00000002   PAD
    0x0800359c   0x00000010   Code   RO          743    i.NVIC_GetPriorityGrouping  stm32f1xx_hal_cortex.o
    0x080035ac   0x00000028   Code   RO          744    i.NVIC_SetPriority  stm32f1xx_hal_cortex.o
    0x080035d4   0x00000002   Code   RO          269    i.PendSV_Handler    stm32f1xx_it.o
    0x080035d6   0x00000002   PAD
    0x080035d8   0x00000028   Code   RO         1186    i.RCC_Delay         stm32f1xx_hal_rcc.o
    0x08003600   0x00000002   Code   RO          270    i.SVC_Handler       stm32f1xx_it.o
    0x08003602   0x00000056   Code   RO          472    i.Stm32_Clock_Init  sys.o
    0x08003658   0x00000008   Code   RO          271    i.SysTick_Handler   stm32f1xx_it.o
    0x08003660   0x00000058   Code   RO          340    i.SystemInit        system_stm32f1xx.o
    0x080036b8   0x00000010   Code   RO         3129    i.TIM2_IRQHandler   timer.o
    0x080036c8   0x00000030   Code   RO         3130    i.TIM2_Init         timer.o
    0x080036f8   0x00000010   Code   RO         3131    i.TIM3_IRQHandler   timer.o
    0x08003708   0x00000030   Code   RO         3132    i.TIM3_Init         timer.o
    0x08003738   0x00000074   Code   RO         2274    i.TIM_Base_SetConfig  stm32f1xx_hal_tim.o
    0x080037ac   0x00000014   Code   RO         1353    i.UART_DMAAbortOnError  stm32f1xx_hal_uart.o
    0x080037c0   0x00000020   Code   RO         1363    i.UART_EndRxTransfer  stm32f1xx_hal_uart.o
    0x080037e0   0x00000020   Code   RO         1364    i.UART_EndTransmit_IT  stm32f1xx_hal_uart.o
    0x08003800   0x000000a6   Code   RO         1366    i.UART_Receive_IT   stm32f1xx_hal_uart.o
    0x080038a6   0x00000002   PAD
    0x080038a8   0x000001c8   Code   RO         1367    i.UART_SetConfig    stm32f1xx_hal_uart.o
    0x08003a70   0x00000068   Code   RO         1368    i.UART_Transmit_IT  stm32f1xx_hal_uart.o
    0x08003ad8   0x00000040   Code   RO          517    i.USART1_IRQHandler  usart.o
    0x08003b18   0x00000004   Code   RO          272    i.UsageFault_Handler  stm32f1xx_it.o
    0x08003b1c   0x00000028   Code   RO         3428    i.__ARM_fpclassify  m_ws.l(fpclassify.o)
    0x08003b44   0x0000000e   Code   RO         3302    i._is_digit         c_w.l(__printf_wp.o)
    0x08003b52   0x00000004   Code   RO          518    i._sys_exit         usart.o
    0x08003b56   0x00000002   PAD
    0x08003b58   0x00000014   Code   RO          431    i.delay_init        delay.o
    0x08003b6c   0x00000018   Code   RO          432    i.delay_ms          delay.o
    0x08003b84   0x00000048   Code   RO          433    i.delay_us          delay.o
    0x08003bcc   0x0000001c   Code   RO          519    i.fputc             usart.o
    0x08003be8   0x0000009c   Code   RO            5    i.main              main.o
    0x08003c84   0x00000038   Code   RO          520    i.uart_init         usart.o
    0x08003cbc   0x0000002c   Code   RO         3424    locale$$code        c_w.l(lc_numeric_c.o)
    0x08003ce8   0x00000062   Code   RO         3319    x$fpl$d2f           fz_ws.l(d2f.o)
    0x08003d4a   0x00000002   PAD
    0x08003d4c   0x00000154   Code   RO         3321    x$fpl$dmul          fz_ws.l(dmul.o)
    0x08003ea0   0x0000009c   Code   RO         3359    x$fpl$dnaninf       fz_ws.l(dnaninf.o)
    0x08003f3c   0x0000000c   Code   RO         3361    x$fpl$dretinf       fz_ws.l(dretinf.o)
    0x08003f48   0x00000056   Code   RO         3323    x$fpl$f2d           fz_ws.l(f2d.o)
    0x08003f9e   0x00000002   PAD
    0x08003fa0   0x000000c4   Code   RO         3325    x$fpl$fadd          fz_ws.l(faddsub_clz.o)
    0x08004064   0x00000184   Code   RO         3332    x$fpl$fdiv          fz_ws.l(fdiv.o)
    0x080041e8   0x0000003e   Code   RO         3335    x$fpl$ffixu         fz_ws.l(ffixu.o)
    0x08004226   0x00000002   PAD
    0x08004228   0x00000026   Code   RO         3339    x$fpl$ffltu         fz_ws.l(fflt_clz.o)
    0x0800424e   0x00000002   PAD
    0x08004250   0x00000102   Code   RO         3345    x$fpl$fmul          fz_ws.l(fmul.o)
    0x08004352   0x0000008c   Code   RO         3363    x$fpl$fnaninf       fz_ws.l(fnaninf.o)
    0x080043de   0x0000000a   Code   RO         3365    x$fpl$fretinf       fz_ws.l(fretinf.o)
    0x080043e8   0x00000014   Code   RO         3326    x$fpl$frsb          fz_ws.l(faddsub_clz.o)
    0x080043fc   0x000000ea   Code   RO         3327    x$fpl$fsub          fz_ws.l(faddsub_clz.o)
    0x080044e6   0x00000004   Code   RO         3347    x$fpl$printf1       fz_ws.l(printf1.o)
    0x080044ea   0x00000000   Code   RO         3367    x$fpl$usenofp       fz_ws.l(usenofp.o)
    0x080044ea   0x00000018   Data   RO          341    .constdata          system_stm32f1xx.o
    0x08004502   0x00000002   PAD
    0x08004504   0x00000094   Data   RO         3395    .constdata          c_w.l(bigflt0.o)
    0x08004598   0x00000020   Data   RO         3567    Region$$Table       anon$$obj.o
    0x080045b8   0x0000001c   Data   RO         3423    locale$$data        c_w.l(lc_numeric_c.o)


    Execution Region RW_IRAM1 (Base: 0x20000000, Size: 0x00000858, Max: 0x00005000, ABSOLUTE)

    Base Addr    Size         Type   Attr      Idx    E Section Name        Object

    0x20000000   0x00000028   Data   RW            6    .data               main.o
    0x20000028   0x00000004   Data   RW          342    .data               system_stm32f1xx.o
    0x2000002c   0x00000004   Data   RW          434    .data               delay.o
    0x20000030   0x00000007   Data   RW          522    .data               usart.o
    0x20000037   0x00000001   PAD
    0x20000038   0x00000004   Data   RW          607    .data               stm32f1xx_hal.o
    0x2000003c   0x00000108   Zero   RW          521    .bss                usart.o
    0x20000144   0x00000080   Zero   RW         3133    .bss                timer.o
    0x200001c4   0x00000030   Zero   RW         3186    .bss                adc.o
    0x200001f4   0x00000060   Zero   RW         3431    .bss                c_w.l(libspace.o)
    0x20000254   0x00000004   PAD
    0x20000258   0x00000200   Zero   RW          578    HEAP                startup_stm32f103xb.o
    0x20000458   0x00000400   Zero   RW          577    STACK               startup_stm32f103xb.o


==============================================================================

Image component sizes


      Code (inc. data)   RO Data    RW Data    ZI Data      Debug   Object Name

       256         24          0          0         48       2788   adc.o
       116          8          0          4          0       1783   delay.o
       358         26          0          0          0       3183   dht11.o
        76          8          0          0          0        799   led.o
       800        104          0         40          0     454838   main.o
       372         42          0          0          0       2408   smg.o
        64         26        236          0       1536        836   startup_stm32f103xb.o
       108         20          0          4          0       2995   stm32f1xx_hal.o
      1570         62          0          0          0       6188   stm32f1xx_hal_adc.o
       260          4          0          0          0       1418   stm32f1xx_hal_adc_ex.o
       338         22          0          0          0      26529   stm32f1xx_hal_cortex.o
       176          4          0          0          0       1059   stm32f1xx_hal_dma.o
       808         32          0          0          0       2608   stm32f1xx_hal_gpio.o
         2          0          0          0          0        394   stm32f1xx_hal_msp.o
      1776        110          0          0          0       5812   stm32f1xx_hal_rcc.o
       592         48          0          0          0       2357   stm32f1xx_hal_rcc_ex.o
       612         14          0          0          0       5259   stm32f1xx_hal_tim.o
         4          0          0          0          0       1478   stm32f1xx_hal_tim_ex.o
      1392         12          0          0          0       8023   stm32f1xx_hal_uart.o
        32          0          0          0          0       3574   stm32f1xx_it.o
        86          0          0          0          0        675   sys.o
        88         18         24          4          0       1031   system_stm32f1xx.o
       248         36          0          0        128       3175   timer.o
       456         52          0          7        264       5105   usart.o

    ----------------------------------------------------------------------
     10608        672        294         60       1976     544315   Object Totals
         0          0         32          0          0          0   (incl. Generated)
        18          0          2          1          0          0   (incl. Padding)

    ----------------------------------------------------------------------

      Code (inc. data)   RO Data    RW Data    ZI Data      Debug   Library Member Name

         8          0          0          0          0         68   __main.o
       284          0          0          0          0        156   __printf_wp.o
         0          0          0          0          0          0   __rtentry.o
        12          0          0          0          0          0   __rtentry2.o
         6          0          0          0          0          0   __rtentry4.o
        52          8          0          0          0          0   __scatter.o
        26          0          0          0          0          0   __scatter_copy.o
        28          0          0          0          0          0   __scatter_zi.o
        48          6          0          0          0         96   _printf_char_common.o
        36          4          0          0          0         80   _printf_char_file.o
         6          0          0          0          0          0   _printf_d.o
       120         16          0          0          0         92   _printf_dec.o
         6          0          0          0          0          0   _printf_f.o
      1050          0          0          0          0        216   _printf_fp_dec.o
       128         16          0          0          0         84   _printf_fp_infnan.o
       178          0          0          0          0         88   _printf_intcommon.o
        78          0          0          0          0        108   _printf_pad.o
         0          0          0          0          0          0   _printf_percent.o
         4          0          0          0          0          0   _printf_percent_end.o
       220          4        148          0          0         96   bigflt0.o
      1910        128          0          0          0        672   btod.o
        18          0          0          0          0         80   exit.o
         8          0          0          0          0         68   ferror.o
         6          0          0          0          0        152   heapauxi.o
        44         10         28          0          0         76   lc_numeric_c.o
         2          0          0          0          0          0   libinit.o
        18          0          0          0          0          0   libinit2.o
         2          0          0          0          0          0   libshutdown.o
         2          0          0          0          0          0   libshutdown2.o
         8          4          0          0         96         68   libspace.o
       138          0          0          0          0         80   lludiv10.o
        24          4          0          0          0         84   noretval__2printf.o
         8          4          0          0          0         68   rt_locale_intlibspace.o
         2          0          0          0          0          0   rtexit.o
        10          0          0          0          0          0   rtexit2.o
       128          0          0          0          0         68   strcmpv7m.o
        74          0          0          0          0         80   sys_stackheap_outer.o
         2          0          0          0          0         68   use_no_semi.o
         2          0          0          0          0         68   use_no_semi_2.o
        98          4          0          0          0         92   d2f.o
       340         12          0          0          0        104   dmul.o
       156          4          0          0          0         92   dnaninf.o
        12          0          0          0          0         68   dretinf.o
        86          4          0          0          0         84   f2d.o
       450          8          0          0          0        236   faddsub_clz.o
       388         76          0          0          0         96   fdiv.o
        62          4          0          0          0         84   ffixu.o
        38          0          0          0          0         68   fflt_clz.o
       258          4          0          0          0         84   fmul.o
       140          4          0          0          0         84   fnaninf.o
        10          0          0          0          0         68   fretinf.o
         4          0          0          0          0         68   printf1.o
         0          0          0          0          0          0   usenofp.o
        40          0          0          0          0         68   fpclassify.o

    ----------------------------------------------------------------------
      6798        324        176          0        100       4012   Library Totals
        20          0          0          0          4          0   (incl. Padding)

    ----------------------------------------------------------------------

      Code (inc. data)   RO Data    RW Data    ZI Data      Debug   Library Name

      4696        204        176          0         96       2716   c_w.l
      2042        120          0          0          0       1228   fz_ws.l
        40          0          0          0          0         68   m_ws.l

    ----------------------------------------------------------------------
      6798        324        176          0        100       4012   Library Totals

    ----------------------------------------------------------------------

==============================================================================


      Code (inc. data)   RO Data    RW Data    ZI Data      Debug   

     17406        996        470         60       2076     541355   Grand Totals
     17406        996        470         60       2076     541355   ELF Image Totals
     17406        996        470         60          0          0   ROM Totals

==============================================================================

    Total RO  Size (Code + RO Data)                17876 (  17.46kB)
    Total RW  Size (RW Data + ZI Data)              2136 (   2.09kB)
    Total ROM Size (Code + RO Data + RW Data)      17936 (  17.52kB)

==============================================================================

